Archive member included to satisfy reference by file (symbol)

../qtouch/lib/gcc\libqtm_touch_key_avr64da_0x0002.a(avr_touch_key_g_avr64da.o)
                              qtouch/touch.o (qtm_update_qtlib_timer)
../qtouch/lib/gcc\libqtm_scroller_avr64da_0x000b.a(avr_scroller_g_avr64da.o)
                              qtouch/touch.o (qtm_init_scroller_module)
../qtouch/lib/gcc\libqtm_acq_avr64da_0x0037.a(avr_acq_g_avr64da.o)
                              qtouch/touch.o (qtm_acquisition_process)
d:/program files (x86)/atmel/studio/7.0/toolchain/avr8/avr8-gnu-toolchain/bin/../lib/gcc/avr/5.4.0/avrxmega2\libgcc.a(_mulsi3.o)
                              ep40_function_specification.o (__mulsi3)
d:/program files (x86)/atmel/studio/7.0/toolchain/avr8/avr8-gnu-toolchain/bin/../lib/gcc/avr/5.4.0/avrxmega2\libgcc.a(_udivmodsi4.o)
                              ep40_function_specification.o (__udivmodsi4)
d:/program files (x86)/atmel/studio/7.0/toolchain/avr8/avr8-gnu-toolchain/bin/../lib/gcc/avr/5.4.0/avrxmega2\libgcc.a(_exit.o)
                              D:/Program Files (x86)/Atmel/Studio/7.0/Packs/Atmel/AVR-Dx_DFP/1.8.95/gcc/dev/avr64da64/avrxmega2/crtavr64da64.o (exit)
d:/program files (x86)/atmel/studio/7.0/toolchain/avr8/avr8-gnu-toolchain/bin/../lib/gcc/avr/5.4.0/avrxmega2\libgcc.a(_tablejump2.o)
                              ep40_cfg.o (__tablejump2__)
d:/program files (x86)/atmel/studio/7.0/toolchain/avr8/avr8-gnu-toolchain/bin/../lib/gcc/avr/5.4.0/avrxmega2\libgcc.a(_copy_data.o)
                              adc.o (__do_copy_data)
d:/program files (x86)/atmel/studio/7.0/toolchain/avr8/avr8-gnu-toolchain/bin/../lib/gcc/avr/5.4.0/avrxmega2\libgcc.a(_clear_bss.o)
                              adc.o (__do_clear_bss)
d:/program files (x86)/atmel/studio/7.0/toolchain/avr8/avr8-gnu-toolchain/bin/../lib/gcc/avr/5.4.0/avrxmega2\libgcc.a(_umulhisi3.o)
                              middleware/lin/transport/lin_commontl_api.o (__umulhisi3)
d:/program files (x86)/atmel/studio/7.0/toolchain/avr8/avr8-gnu-toolchain/bin/../lib/gcc/avr/5.4.0/avrxmega2\libgcc.a(_muluhisi3.o)
                              ep40_function_specification.o (__muluhisi3)
d:/program files (x86)/atmel/studio/7.0/toolchain/avr8/avr8-gnu-toolchain/bin/../lib/gcc/avr/5.4.0/avrxmega2\libgcc.a(_ashrdi3.o)
                              ../qtouch/lib/gcc\libqtm_acq_avr64da_0x0037.a(avr_acq_g_avr64da.o) (__lshrdi3)
d:/program files (x86)/atmel/studio/7.0/toolchain/avr8/avr8-gnu-toolchain/bin/../lib/gcc/avr/5.4.0/avrxmega2\libgcc.a(_cmpdi2_s8.o)
                              ../qtouch/lib/gcc\libqtm_acq_avr64da_0x0037.a(avr_acq_g_avr64da.o) (__cmpdi2_s8)
d:/program files (x86)/atmel/studio/7.0/toolchain/avr8/avr8-gnu-toolchain/bin/../lib/gcc/avr/5.4.0/../../../../avr/lib/avrxmega2\libc.a(malloc.o)
                              soft_timer.o (malloc)
d:/program files (x86)/atmel/studio/7.0/toolchain/avr8/avr8-gnu-toolchain/bin/../lib/gcc/avr/5.4.0/../../../../avr/lib/avrxmega2\libc.a(memcmp.o)
                              examples/src/nvmctrl_basic_example.o (memcmp)
d:/program files (x86)/atmel/studio/7.0/toolchain/avr8/avr8-gnu-toolchain/bin/../lib/gcc/avr/5.4.0/../../../../avr/lib/avrxmega2\libc.a(memcpy.o)
                              src/nvmctrl_basic.o (memcpy)
d:/program files (x86)/atmel/studio/7.0/toolchain/avr8/avr8-gnu-toolchain/bin/../lib/gcc/avr/5.4.0/../../../../avr/lib/avrxmega2\libc.a(strncmp.o)
                              examples/src/usart_basic_example.o (strncmp)
d:/program files (x86)/atmel/studio/7.0/toolchain/avr8/avr8-gnu-toolchain/bin/../lib/gcc/avr/5.4.0/../../../../avr/lib/avrxmega2\libc.a(iob.o)
                              src/usart_basic.o (__iob)
d:/program files (x86)/atmel/studio/7.0/toolchain/avr8/avr8-gnu-toolchain/bin/../lib/gcc/avr/5.4.0/../../../../avr/lib/avrxmega2\libc.a(printf.o)
                              examples/src/usart_basic_example.o (printf)
d:/program files (x86)/atmel/studio/7.0/toolchain/avr8/avr8-gnu-toolchain/bin/../lib/gcc/avr/5.4.0/../../../../avr/lib/avrxmega2\libc.a(vfprintf_std.o)
                              d:/program files (x86)/atmel/studio/7.0/toolchain/avr8/avr8-gnu-toolchain/bin/../lib/gcc/avr/5.4.0/../../../../avr/lib/avrxmega2\libc.a(printf.o) (vfprintf)
d:/program files (x86)/atmel/studio/7.0/toolchain/avr8/avr8-gnu-toolchain/bin/../lib/gcc/avr/5.4.0/../../../../avr/lib/avrxmega2\libc.a(strnlen_P.o)
                              d:/program files (x86)/atmel/studio/7.0/toolchain/avr8/avr8-gnu-toolchain/bin/../lib/gcc/avr/5.4.0/../../../../avr/lib/avrxmega2\libc.a(vfprintf_std.o) (strnlen_P)
d:/program files (x86)/atmel/studio/7.0/toolchain/avr8/avr8-gnu-toolchain/bin/../lib/gcc/avr/5.4.0/../../../../avr/lib/avrxmega2\libc.a(strnlen.o)
                              d:/program files (x86)/atmel/studio/7.0/toolchain/avr8/avr8-gnu-toolchain/bin/../lib/gcc/avr/5.4.0/../../../../avr/lib/avrxmega2\libc.a(vfprintf_std.o) (strnlen)
[...]
Memory Configuration

Name             Origin             Length             Attributes
text             0x00000000         0x00010000         xr
data             0x00806000         0x00002000         rw !x
eeprom           0x00810000         0x00000200         rw !x
fuse             0x00820000         0x00000010         rw !x
lock             0x00830000         0x00000400         rw !x
signature        0x00840000         0x00000400         rw !x
user_signatures  0x00850000         0x00000400         rw !x
*default*        0x00000000         0xffffffff

Linker script and memory map

Address of section .data set to 0x806000
                0x00008000                __RODATA_PM_OFFSET__ = 0x8000
LOAD D:/Program Files (x86)/Atmel/Studio/7.0/Packs/Atmel/AVR-Dx_DFP/1.8.95/gcc/dev/avr64da64/avrxmega2/crtavr64da64.o
LOAD adc.o
LOAD atmel_start.o
LOAD driver_isr.o
LOAD ep40_cfg.o
LOAD ep40_function_specification.o
LOAD examples/src/adc_basic_example.o
LOAD examples/src/dac_basic_example.o
LOAD examples/src/nvmctrl_basic_example.o
LOAD examples/src/touch_example.o
LOAD examples/src/usart_basic_example.o
LOAD hc595.o
LOAD led.o
LOAD main.o
LOAD middleware/lin1.o
LOAD middleware/lin/coreapi/lin_common_api.o
LOAD middleware/lin/coreapi/lin_common_proto.o
LOAD middleware/lin/coreapi/lin_j2602_proto.o
LOAD middleware/lin/coreapi/lin_lin21_proto.o
LOAD middleware/lin/diagnostic/lin_diagnostic_service.o
LOAD middleware/lin/lowlevel/lin.o
LOAD middleware/lin/transport/lin_commontl_api.o
LOAD middleware/lin/transport/lin_commontl_proto.o
LOAD middleware/lin_cfg.o
LOAD middleware/lin_common.o
LOAD middleware/lin_driver.o
LOAD qtouch/touch.o
LOAD soft_timer.o
LOAD src/adc_basic.o
LOAD src/bod.o
LOAD src/clkctrl.o
LOAD src/cpuint.o
LOAD src/dac_basic.o
LOAD src/driver_init.o
LOAD src/nvmctrl_basic.o
LOAD src/protected_io.o
LOAD src/rtc.o
LOAD src/slpctrl.o
LOAD src/tca.o
LOAD src/tcb.o
LOAD src/usart.o
LOAD src/usart_basic.o
LOAD src/vref.o
START GROUP
LOAD ../qtouch/lib/gcc\libqtm_touch_key_avr64da_0x0002.a
LOAD ../qtouch/lib/gcc\libqtm_scroller_avr64da_0x000b.a
LOAD ../qtouch/lib/gcc\libqtm_acq_avr64da_0x0037.a
LOAD d:/program files (x86)/atmel/studio/7.0/toolchain/avr8/avr8-gnu-toolchain/bin/../lib/gcc/avr/5.4.0/../../../../avr/lib/avrxmega2\libm.a
END GROUP
Address of section .text set to 0x4800
START GROUP
LOAD d:/program files (x86)/atmel/studio/7.0/toolchain/avr8/avr8-gnu-toolchain/bin/../lib/gcc/avr/5.4.0/avrxmega2\libgcc.a
LOAD d:/program files (x86)/atmel/studio/7.0/toolchain/avr8/avr8-gnu-toolchain/bin/../lib/gcc/avr/5.4.0/../../../../avr/lib/avrxmega2\libm.a
LOAD d:/program files (x86)/atmel/studio/7.0/toolchain/avr8/avr8-gnu-toolchain/bin/../lib/gcc/avr/5.4.0/../../../../avr/lib/avrxmega2\libc.a
LOAD D:/Program Files (x86)/Atmel/Studio/7.0/Packs/Atmel/AVR-Dx_DFP/1.8.95/gcc/dev/avr64da64/avrxmega2\libavr64da64.a
END GROUP
                [0x00000000]                __TEXT_REGION_ORIGIN__ = DEFINED (__TEXT_REGION_ORIGIN__)?__TEXT_REGION_ORIGIN__:0x0
                [0x00806000]                __DATA_REGION_ORIGIN__ = DEFINED (__DATA_REGION_ORIGIN__)?__DATA_REGION_ORIGIN__:0x802000
                [0x00010000]                __TEXT_REGION_LENGTH__ = DEFINED (__TEXT_REGION_LENGTH__)?__TEXT_REGION_LENGTH__:0x100000
                [0x00002000]                __DATA_REGION_LENGTH__ = DEFINED (__DATA_REGION_LENGTH__)?__DATA_REGION_LENGTH__:0xffa0
                [0x00000200]                __EEPROM_REGION_LENGTH__ = DEFINED (__EEPROM_REGION_LENGTH__)?__EEPROM_REGION_LENGTH__:0x10000
                [0x00000010]                __FUSE_REGION_LENGTH__ = DEFINED (__FUSE_REGION_LENGTH__)?__FUSE_REGION_LENGTH__:0x400
                0x00000400                __LOCK_REGION_LENGTH__ = DEFINED (__LOCK_REGION_LENGTH__)?__LOCK_REGION_LENGTH__:0x400
                0x00000400                __SIGNATURE_REGION_LENGTH__ = DEFINED (__SIGNATURE_REGION_LENGTH__)?__SIGNATURE_REGION_LENGTH__:0x400
                0x00000400                __USER_SIGNATURE_REGION_LENGTH__ = DEFINED (__USER_SIGNATURE_REGION_LENGTH__)?__USER_SIGNATURE_REGION_LENGTH__:0x400

.hash
 *(.hash)

.dynsym
 *(.dynsym)

.dynstr
 *(.dynstr)

.gnu.version
 *(.gnu.version)

.gnu.version_d
 *(.gnu.version_d)

.gnu.version_r
 *(.gnu.version_r)

.rel.init
 *(.rel.init)

.rela.init
 *(.rela.init)

.rel.text
 *(.rel.text)
 *(.rel.text.*)
 *(.rel.gnu.linkonce.t*)

.rela.text
 *(.rela.text)
 *(.rela.text.*)
 *(.rela.gnu.linkonce.t*)

.rel.fini
 *(.rel.fini)

.rela.fini
 *(.rela.fini)

.rel.rodata
 *(.rel.rodata)
 *(.rel.rodata.*)
 *(.rel.gnu.linkonce.r*)

.rela.rodata
 *(.rela.rodata)
 *(.rela.rodata.*)
 *(.rela.gnu.linkonce.r*)

.rel.data
 *(.rel.data)
 *(.rel.data.*)
 *(.rel.gnu.linkonce.d*)

.rela.data
 *(.rela.data)
 *(.rela.data.*)
 *(.rela.gnu.linkonce.d*)

.rel.ctors
 *(.rel.ctors)

.rela.ctors
 *(.rela.ctors)

.rel.dtors
 *(.rel.dtors)

.rela.dtors
 *(.rela.dtors)

.rel.got
 *(.rel.got)

.rela.got
 *(.rela.got)

.rel.bss
 *(.rel.bss)

.rela.bss
 *(.rela.bss)

.rel.plt
 *(.rel.plt)

.rela.plt
 *(.rela.plt)

.text           0x00004800     0x8152
 *(.vectors)
 .vectors       0x00004800      0x100 D:/Program Files (x86)/Atmel/Studio/7.0/Packs/Atmel/AVR-Dx_DFP/1.8.95/gcc/dev/avr64da64/avrxmega2/crtavr64da64.o
                0x00004800                __vector_default
                0x00004800                __vectors
 *(.vectors)
 *(.progmem.gcc*)
 .progmem.gcc_sw_table.ep40_lin_signal_update_while_task
                0x00004900       0x14 ep40_cfg.o
 .progmem.gcc_sw_table.lin_read_data_by_identify
                0x00004914       0xa2 middleware/lin/diagnostic/lin_diagnostic_service.o
 .progmem.gcc_sw_table.CallbackHandler
                0x000049b6       0x1a middleware/lin/lowlevel/lin.o
 .progmem.gcc_sw_table.lin_tl_callback_handler
                0x000049d0       0x10 middleware/lin/transport/lin_commontl_proto.o
                0x000049e0                . = ALIGN (0x2)
                0x000049e0                __trampolines_start = .
 *(.trampolines)
 .trampolines   0x000049e0        0x0 linker stubs
 *(.trampolines*)
                0x000049e0                __trampolines_end = .
 *libprintf_flt.a:*(.progmem.data)
 *libc.a:*(.progmem.data)
 *(.progmem*)
                0x000049e0                . = ALIGN (0x2)
 *(.jumptables)
 *(.jumptables*)
 *(.lowtext)
 *(.lowtext*)
                0x000049e0                __ctors_start = .
 *(.ctors)
                0x000049e0                __ctors_end = .
                0x000049e0                __dtors_start = .
 *(.dtors)
                0x000049e0                __dtors_end = .
 SORT(*)(.ctors)
 SORT(*)(.dtors)
 *(.init0)
 .init0         0x000049e0        0x0 D:/Program Files (x86)/Atmel/Studio/7.0/Packs/Atmel/AVR-Dx_DFP/1.8.95/gcc/dev/avr64da64/avrxmega2/crtavr64da64.o
                0x000049e0                __init
 *(.init0)
 *(.init1)
 *(.init1)
 *(.init2)
 .init2         0x000049e0        0xc D:/Program Files (x86)/Atmel/Studio/7.0/Packs/Atmel/AVR-Dx_DFP/1.8.95/gcc/dev/avr64da64/avrxmega2/crtavr64da64.o
 *(.init2)
 *(.init3)
 *(.init3)
 *(.init4)
 .init4         0x000049ec       0x16 d:/program files (x86)/atmel/studio/7.0/toolchain/avr8/avr8-gnu-toolchain/bin/../lib/gcc/avr/5.4.0/avrxmega2\libgcc.a(_copy_data.o)
                0x000049ec                __do_copy_data
 .init4         0x00004a02       0x10 d:/program files (x86)/atmel/studio/7.0/toolchain/avr8/avr8-gnu-toolchain/bin/../lib/gcc/avr/5.4.0/avrxmega2\libgcc.a(_clear_bss.o)
                0x00004a02                __do_clear_bss
 *(.init4)
 *(.init5)
 *(.init5)
 *(.init6)
 *(.init6)
 *(.init7)
 *(.init7)
 *(.init8)
 *(.init8)
 *(.init9)
 .init9         0x00004a12        0x8 D:/Program Files (x86)/Atmel/Studio/7.0/Packs/Atmel/AVR-Dx_DFP/1.8.95/gcc/dev/avr64da64/avrxmega2/crtavr64da64.o
 *(.init9)
 *(.text)
 .text          0x00004a1a        0x4 D:/Program Files (x86)/Atmel/Studio/7.0/Packs/Atmel/AVR-Dx_DFP/1.8.95/gcc/dev/avr64da64/avrxmega2/crtavr64da64.o
                0x00004a1a                __vector_38
                0x00004a1a                __vector_22
                0x00004a1a                __vector_63
                0x00004a1a                __vector_28
                0x00004a1a                __vector_1
                0x00004a1a                __vector_32
                0x00004a1a                __vector_34
                0x00004a1a                __vector_62
                0x00004a1a                __vector_46
                0x00004a1a                __bad_interrupt
                0x00004a1a                __vector_6
                0x00004a1a                __vector_31
                0x00004a1a                __vector_35
                0x00004a1a                __vector_39
                0x00004a1a                __vector_23
                0x00004a1a                __vector_30
                0x00004a1a                __vector_45
                0x00004a1a                __vector_25
                0x00004a1a                __vector_61
                0x00004a1a                __vector_11
                0x00004a1a                __vector_54
                0x00004a1a                __vector_17
                0x00004a1a                __vector_19
                0x00004a1a                __vector_56
                0x00004a1a                __vector_7
                0x00004a1a                __vector_49
                0x00004a1a                __vector_41
                0x00004a1a                __vector_43
                0x00004a1a                __vector_5
                0x00004a1a                __vector_33
                0x00004a1a                __vector_47
                0x00004a1a                __vector_52
                0x00004a1a                __vector_37
                0x00004a1a                __vector_4
                0x00004a1a                __vector_44
                0x00004a1a                __vector_51
                0x00004a1a                __vector_9
                0x00004a1a                __vector_2
                0x00004a1a                __vector_21
                0x00004a1a                __vector_15
                0x00004a1a                __vector_36
                0x00004a1a                __vector_58
                0x00004a1a                __vector_29
                0x00004a1a                __vector_60
                0x00004a1a                __vector_40
                0x00004a1a                __vector_8
                0x00004a1a                __vector_26
                0x00004a1a                __vector_48
                0x00004a1a                __vector_14
                0x00004a1a                __vector_57
                0x00004a1a                __vector_53
                0x00004a1a                __vector_10
                0x00004a1a                __vector_50
                0x00004a1a                __vector_16
                0x00004a1a                __vector_59
                0x00004a1a                __vector_18
                0x00004a1a                __vector_20
                0x00004a1a                __vector_42
                0x00004a1e                . = ALIGN (0x2)
 *(.text.*)
 .text.atmel_start_init
                0x00004a1e        0xa atmel_start.o
                0x00004a1e                atmel_start_init
 .text.__vector_55
                0x00004a28       0xaa driver_isr.o
                0x00004a28                __vector_55
 .text.__vector_3
                0x00004ad2       0x4e driver_isr.o
                0x00004ad2                __vector_3
 .text.__vector_12
                0x00004b20       0x62 driver_isr.o
                0x00004b20                __vector_12
 .text.soft_timer_sin_data_task
                0x00004b82       0x4a driver_isr.o
                0x00004b82                soft_timer_sin_data_task
 .text.__vector_13
                0x00004bcc       0x4e driver_isr.o
                0x00004bcc                __vector_13
 .text.backlight_cb
                0x00004c1a        0x6 ep40_cfg.o
                0x00004c1a                backlight_cb
 .text.rear_led_ctrl
                0x00004c20       0x28 ep40_cfg.o
                0x00004c20                rear_led_ctrl
 .text.window_lock_led_cb
                0x00004c48       0x28 ep40_cfg.o
                0x00004c48                window_lock_led_cb
 .text.soft_timer_lin_signal_update_task
                0x00004c70       0x3e ep40_cfg.o
                0x00004c70                soft_timer_lin_signal_update_task
 .text.ep40_lin_signal_update_while_task
                0x00004cae      0x43c ep40_cfg.o
                0x00004cae                ep40_lin_signal_update_while_task
 .text.lin_signal_send_x_times
                0x000050ea       0x18 ep40_cfg.o
                0x000050ea                lin_signal_send_x_times
 .text.soft_timer_rear_btn_task
                0x00005102       0x7a ep40_cfg.o
                0x00005102                soft_timer_rear_btn_task
 .text.soft_timer_window_lock_task
                0x0000517c       0x3e ep40_cfg.o
                0x0000517c                soft_timer_window_lock_task
 .text.window_lock_signal_cb
                0x000051ba        0xc ep40_cfg.o
                0x000051ba                window_lock_signal_cb
 .text.left_window_signal_out_cb
                0x000051c6       0x20 ep40_cfg.o
                0x000051c6                left_window_signal_out_cb
 .text.right_window_signal_out_cb
                0x000051e6       0x20 ep40_cfg.o
                0x000051e6                right_window_signal_out_cb
 .text.window_obj_var_clear
                0x00005206       0x2e ep40_cfg.o
                0x00005206                window_obj_var_clear
 .text.soft_timer_window_task
                0x00005234      0x3fa ep40_cfg.o
                0x00005234                soft_timer_window_task
 .text.btn_rear_tick_task
                0x0000562e       0xd4 ep40_function_specification.o
                0x0000562e                btn_rear_tick_task
 .text.window_task
                0x00005702      0x158 ep40_function_specification.o
                0x00005702                window_task
 .text.window_lock_task
                0x0000585a       0x3a ep40_function_specification.o
                0x0000585a                window_lock_task
 .text.backlight_task
                0x00005894       0x6c ep40_function_specification.o
                0x00005894                backlight_task
 .text.lin_go_to_sleep
                0x00005900       0x26 ep40_function_specification.o
                0x00005900                lin_go_to_sleep
 .text.HC595_Write
                0x00005926       0xaa hc595.o
                0x00005926                HC595_Write
 .text.led_set_level
                0x000059d0       0x62 led.o
                0x000059d0                led_set_level
 .text.led_update_buf_task
                0x00005a32        0xe led.o
                0x00005a32                led_update_buf_task
 .text.led_init
                0x00005a40       0x14 led.o
                0x00005a40                led_init
 .text.main     0x00005a54       0x96 main.o
                0x00005a54                main
 .text.l_sys_init
                0x00005aea        0x4 middleware/lin/coreapi/lin_common_api.o
                0x00005aea                l_sys_init
 .text.l_ifc_init
                0x00005aee       0x14 middleware/lin/coreapi/lin_common_api.o
                0x00005aee                l_ifc_init
 .text.lin_update_tx_flags
                0x00005b02       0xa2 middleware/lin/coreapi/lin_common_proto.o
 .text.lin_bus_activity_timeout
                0x00005ba4       0x48 middleware/lin/coreapi/lin_common_proto.o
 .text.lin_get_frame_index
                0x00005bec       0x5a middleware/lin/coreapi/lin_common_proto.o
                0x00005bec                lin_get_frame_index
 .text.lin_update_tx
                0x00005c46      0x14e middleware/lin/coreapi/lin_common_proto.o
 .text.lin_handle_error
                0x00005d94      0x15c middleware/lin/coreapi/lin_common_proto.o
 .text.lin_process_uncd_frame
                0x00005ef0      0x19a middleware/lin/coreapi/lin_common_proto.o
                0x00005ef0                lin_process_uncd_frame
 .text.lin_process_id
                0x0000608a      0x22c middleware/lin/coreapi/lin_common_proto.o
 .text.lin_update_rx
                0x000062b6      0x20e middleware/lin/coreapi/lin_common_proto.o
 .text.lin_pid_resp_callback_handler
                0x000064c4       0x3e middleware/lin/coreapi/lin_common_proto.o
                0x000064c4                lin_pid_resp_callback_handler
 .text.lin_update_word_status_j2602
                0x00006502       0x54 middleware/lin/coreapi/lin_j2602_proto.o
                0x00006502                lin_update_word_status_j2602
 .text.lin_update_word_status_lin21
                0x00006556       0xc2 middleware/lin/coreapi/lin_lin21_proto.o
                0x00006556                lin_update_word_status_lin21
 .text.lin_update_err_signal
                0x00006618       0xee middleware/lin/coreapi/lin_lin21_proto.o
                0x00006618                lin_update_err_signal
 .text.lin_update_rx_evnt_frame
                0x00006706       0xe0 middleware/lin/coreapi/lin_lin21_proto.o
                0x00006706                lin_update_rx_evnt_frame
 .text.lin_make_res_evnt_frame
                0x000067e6       0x38 middleware/lin/coreapi/lin_lin21_proto.o
                0x000067e6                lin_make_res_evnt_frame
 .text.ld_make_slave_response_pdu
                0x0000681e      0x24e middleware/lin/diagnostic/lin_diagnostic_service.o
 .text.lin_condittional_change_nad
                0x00006a6c      0x1d2 middleware/lin/diagnostic/lin_diagnostic_service.o
 .text.lin_assign_nad
                0x00006c3e       0xf2 middleware/lin/diagnostic/lin_diagnostic_service.o
 .text.lin_diagservice_assign_frame_id_range
                0x00006d30      0x192 middleware/lin/diagnostic/lin_diagnostic_service.o
 .text.lin_diagservice_read_by_identifier
                0x00006ec2      0x1ca middleware/lin/diagnostic/lin_diagnostic_service.o
 .text.lin_read_data_by_identify
                0x0000708c      0xa42 middleware/lin/diagnostic/lin_diagnostic_service.o
                0x0000708c                lin_read_data_by_identify
 .text.lin_slave_session_ctr
                0x00007ace      0x192 middleware/lin/diagnostic/lin_diagnostic_service.o
                0x00007ace                lin_slave_session_ctr
 .text.lin_routine_control
                0x00007c60      0x180 middleware/lin/diagnostic/lin_diagnostic_service.o
                0x00007c60                lin_routine_control
 .text.control_dtc_setting
                0x00007de0      0x118 middleware/lin/diagnostic/lin_diagnostic_service.o
                0x00007de0                control_dtc_setting
 .text.lin_transfer_data
                0x00007ef8      0x294 middleware/lin/diagnostic/lin_diagnostic_service.o
                0x00007ef8                lin_transfer_data
 .text.lin_diag_service_callback
                0x0000818c      0x194 middleware/lin/diagnostic/lin_diagnostic_service.o
                0x0000818c                lin_diag_service_callback
 .text.CallbackHandler
                0x00008320      0x1a8 middleware/lin/lowlevel/lin.o
 .text.lin_process_parity
                0x000084c8        0x6 middleware/lin/lowlevel/lin.o
                0x000084c8                lin_process_parity
 .text.lin_lld_init
                0x000084ce      0x298 middleware/lin/lowlevel/lin.o
                0x000084ce                lin_lld_init
 .text.lin_lld_ignore_response
                0x00008766       0x28 middleware/lin/lowlevel/lin.o
                0x00008766                lin_lld_ignore_response
 .text.lin_lld_set_low_power_mode
                0x0000878e       0x28 middleware/lin/lowlevel/lin.o
                0x0000878e                lin_lld_set_low_power_mode
 .text.lin_lld_set_response
                0x000087b6       0xa0 middleware/lin/lowlevel/lin.o
                0x000087b6                lin_lld_set_response
 .text.lin_lld_rx_response
                0x00008856       0xa0 middleware/lin/lowlevel/lin.o
                0x00008856                lin_lld_rx_response
 .text.lin_lld_timeout_service
                0x000088f6      0x294 middleware/lin/lowlevel/lin.o
                0x000088f6                lin_lld_timeout_service
 .text.ld_init  0x00008b8a      0x112 middleware/lin/transport/lin_commontl_api.o
                0x00008b8a                ld_init
 .text.ld_put_raw
                0x00008c9c       0x8a middleware/lin/transport/lin_commontl_api.o
                0x00008c9c                ld_put_raw
 .text.ld_get_raw
                0x00008d26       0x14 middleware/lin/transport/lin_commontl_api.o
                0x00008d26                ld_get_raw
 .text.ld_raw_rx_status
                0x00008d3a       0x12 middleware/lin/transport/lin_commontl_api.o
                0x00008d3a                ld_raw_rx_status
 .text.lin_tl_handle_timeout
                0x00008d4c       0xd8 middleware/lin/transport/lin_commontl_proto.o
 .text.lin_tl_handler_error
                0x00008e24       0xca middleware/lin/transport/lin_commontl_proto.o
 .text.lin_tl_handler_tx_completed
                0x00008eee       0xcc middleware/lin/transport/lin_commontl_proto.o
 .text.lin_tl_attach_service
                0x00008fba       0x88 middleware/lin/transport/lin_commontl_proto.o
 .text.tl_receive_message
                0x00009042      0x1d8 middleware/lin/transport/lin_commontl_proto.o
 .text.tl_put_raw
                0x0000921a       0xde middleware/lin/transport/lin_commontl_proto.o
                0x0000921a                tl_put_raw
 .text.lin_process_single_frame
                0x000092f8       0xdc middleware/lin/transport/lin_commontl_proto.o
 .text.lin_process_first_frame
                0x000093d4      0x1b2 middleware/lin/transport/lin_commontl_proto.o
 .text.lin_process_consecutive_frame
                0x00009586      0x180 middleware/lin/transport/lin_commontl_proto.o
 .text.lin_process_pdu
                0x00009706       0x62 middleware/lin/transport/lin_commontl_proto.o
 .text.lin_tl_handler_rx_completed
                0x00009768      0x116 middleware/lin/transport/lin_commontl_proto.o
 .text.tl_get_raw
                0x0000987e       0x94 middleware/lin/transport/lin_commontl_proto.o
                0x0000987e                tl_get_raw
 .text.lin_tl_make_master_request_pdu
                0x00009912       0x3c middleware/lin/transport/lin_commontl_proto.o
 .text.lin_tl_get_pdu
                0x0000994e       0x30 middleware/lin/transport/lin_commontl_proto.o
 .text.lin_tl_callback_handler
                0x0000997e       0xf0 middleware/lin/transport/lin_commontl_proto.o
                0x0000997e                lin_tl_callback_handler
 .text.ld_read_by_id_callout
                0x00009a6e       0x42 middleware/lin_cfg.o
                0x00009a6e                ld_read_by_id_callout
 .text.LIN_DRV_ProcessParity
                0x00009ab0       0x90 middleware/lin_common.o
                0x00009ab0                LIN_DRV_ProcessParity
 .text.LIN_DRV_MakeChecksumByte
                0x00009b40       0x4c middleware/lin_common.o
                0x00009b40                LIN_DRV_MakeChecksumByte
 .text.LIN_DRV_ProcessFrameHeader
                0x00009b8c       0x96 middleware/lin_driver.o
 .text.LIN_COM_DRV_MakeChecksumByte
                0x00009c22       0x58 middleware/lin_driver.o
 .text.LIN_DRV_Init
                0x00009c7a       0x46 middleware/lin_driver.o
                0x00009c7a                LIN_DRV_Init
 .text.LIN_DRV_GotoIdleState
                0x00009cc0       0x1e middleware/lin_driver.o
                0x00009cc0                LIN_DRV_GotoIdleState
 .text.LIN_DRV_ProcessReceiveFrameData
                0x00009cde       0xea middleware/lin_driver.o
 .text.LIN_DRV_ProcessSendFrameData
                0x00009dc8      0x120 middleware/lin_driver.o
 .text.LIN_DRV_GoToSleepMode
                0x00009ee8       0x1e middleware/lin_driver.o
                0x00009ee8                LIN_DRV_GoToSleepMode
 .text.LIN_DRV_AbortTransferData
                0x00009f06       0x24 middleware/lin_driver.o
                0x00009f06                LIN_DRV_AbortTransferData
 .text.LIN_DRV_InstallCallback
                0x00009f2a       0x1a middleware/lin_driver.o
                0x00009f2a                LIN_DRV_InstallCallback
 .text.LIN_DRV_IRQHandler
                0x00009f44      0x104 middleware/lin_driver.o
                0x00009f44                LIN_DRV_IRQHandler
 .text.LIN_DRV_SendFrameData
                0x0000a048       0x96 middleware/lin_driver.o
                0x0000a048                LIN_DRV_SendFrameData
 .text.LIN_DRV_ReceiveFrameData
                0x0000a0de       0x54 middleware/lin_driver.o
                0x0000a0de                LIN_DRV_ReceiveFrameData
 .text.LIN_DRV_TimeoutService
                0x0000a132       0xd2 middleware/lin_driver.o
                0x0000a132                LIN_DRV_TimeoutService
 .text.LIN_DRV_SetTimeoutCounter
                0x0000a204       0x1c middleware/lin_driver.o
                0x0000a204                LIN_DRV_SetTimeoutCounter
 .text.LIN_DRV_GetReceiveStatus
                0x0000a220       0x42 middleware/lin_driver.o
                0x0000a220                LIN_DRV_GetReceiveStatus
 .text.touch_ptc_pin_config
                0x0000a262      0x16a qtouch/touch.o
 .text.qtm_measure_complete_callback
                0x0000a3cc        0x8 qtouch/touch.o
 .text.qtm_error_callback
                0x0000a3d4        0x8 qtouch/touch.o
 .text.touch_sensors_config
                0x0000a3dc       0x6e qtouch/touch.o
 .text.Timer_set_period
                0x0000a44a       0x14 qtouch/touch.o
                0x0000a44a                Timer_set_period
 .text.touch_init
                0x0000a45e       0x10 qtouch/touch.o
                0x0000a45e                touch_init
 .text.touch_process
                0x0000a46e       0x7a qtouch/touch.o
                0x0000a46e                touch_process
 .text.touch_timer_handler
                0x0000a4e8       0x22 qtouch/touch.o
                0x0000a4e8                touch_timer_handler
 .text.get_sensor_state
                0x0000a50a       0x1e qtouch/touch.o
                0x0000a50a                get_sensor_state
 .text.get_scroller_state
                0x0000a528       0x24 qtouch/touch.o
                0x0000a528                get_scroller_state
 .text.get_scroller_position
                0x0000a54c       0x26 qtouch/touch.o
                0x0000a54c                get_scroller_position
 .text.__vector_27
                0x0000a572       0x48 qtouch/touch.o
                0x0000a572                __vector_27
 .text.soft_timer_create
                0x0000a5ba       0x4a soft_timer.o
                0x0000a5ba                soft_timer_create
 .text.soft_timer_run
                0x0000a604       0x44 soft_timer.o
                0x0000a604                soft_timer_run
 .text.ADC_0_init
                0x0000a648       0x16 src/adc_basic.o
                0x0000a648                ADC_0_init
 .text.__vector_24
                0x0000a65e       0x5c src/adc_basic.o
                0x0000a65e                __vector_24
 .text.BOD_init
                0x0000a6ba        0x8 src/bod.o
                0x0000a6ba                BOD_init
 .text.CLKCTRL_init
                0x0000a6c2       0x10 src/clkctrl.o
                0x0000a6c2                CLKCTRL_init
 .text.CPUINT_init
                0x0000a6d2        0x6 src/cpuint.o
                0x0000a6d2                CPUINT_init
 .text.DAC_0_init
                0x0000a6d8       0x10 src/dac_basic.o
                0x0000a6d8                DAC_0_init
 .text.DAC_0_set_output
                0x0000a6e8       0x1c src/dac_basic.o
                0x0000a6e8                DAC_0_set_output
 .text.mcu_init
                0x0000a704       0xaa src/driver_init.o
                0x0000a704                mcu_init
 .text.USART_1_initialization
                0x0000a7ae       0x22 src/driver_init.o
                0x0000a7ae                USART_1_initialization
 .text.USART_0_initialization
                0x0000a7d0       0x22 src/driver_init.o
                0x0000a7d0                USART_0_initialization
 .text.DAC_0_initialization
                0x0000a7f2       0x18 src/driver_init.o
                0x0000a7f2                DAC_0_initialization
 .text.ADC_0_initialization
                0x0000a80a       0x2a src/driver_init.o
                0x0000a80a                ADC_0_initialization
 .text.TIMER_1_initialization
                0x0000a834       0x1c src/driver_init.o
                0x0000a834                TIMER_1_initialization
 .text.TIMER_0_initialization
                0x0000a850        0x6 src/driver_init.o
                0x0000a850                TIMER_0_initialization
 .text.TIMER_2_initialization
                0x0000a856        0x6 src/driver_init.o
                0x0000a856                TIMER_2_initialization
 .text.system_init
                0x0000a85c       0x82 src/driver_init.o
                0x0000a85c                system_init
 .text.FLASH_0_write_eeprom_byte
                0x0000a8de       0x38 src/nvmctrl_basic.o
                0x0000a8de                FLASH_0_write_eeprom_byte
 .text.protected_write_io
                0x0000a916        0xa src/protected_io.o
                0x0000a916                protected_write_io
 .text.Timer_init
                0x0000a920       0x1a src/rtc.o
                0x0000a920                Timer_init
 .text.SLPCTRL_init
                0x0000a93a        0x4 src/slpctrl.o
                0x0000a93a                SLPCTRL_init
 .text.TIMER_1_init
                0x0000a93e       0x1e src/tca.o
                0x0000a93e                TIMER_1_init
 .text.TIMER_0_init
                0x0000a95c       0x1c src/tcb.o
                0x0000a95c                TIMER_0_init
 .text.TIMER_2_init
                0x0000a978       0x1c src/tcb.o
                0x0000a978                TIMER_2_init
 .text.USART_0_init
                0x0000a994       0x18 src/usart.o
                0x0000a994                USART_0_init
 .text.USART_1_init
                0x0000a9ac       0x20 src/usart_basic.o
                0x0000a9ac                USART_1_init
 .text.USART_1_write
                0x0000a9cc        0xe src/usart_basic.o
                0x0000a9cc                USART_1_write
 .text.USART_1_printCHAR
                0x0000a9da        0xa src/usart_basic.o
                0x0000a9da                USART_1_printCHAR
 .text.USART4_Read
                0x0000a9e4        0xe src/usart_basic.o
                0x0000a9e4                USART4_Read
 .text.USART4_Send
                0x0000a9f2        0xe src/usart_basic.o
                0x0000a9f2                USART4_Send
 .text.VREF_0_init
                0x0000aa00        0xe src/vref.o
                0x0000aa00                VREF_0_init
 .text.check_for_aks_block
                0x0000aa0e       0xd2 ../qtouch/lib/gcc\libqtm_touch_key_avr64da_0x0002.a(avr_touch_key_g_avr64da.o)
 .text.qtm_update_qtlib_timer
                0x0000aae0       0x16 ../qtouch/lib/gcc\libqtm_touch_key_avr64da_0x0002.a(avr_touch_key_g_avr64da.o)
                0x0000aae0                qtm_update_qtlib_timer
 .text.qtm_init_sensor_key
                0x0000aaf6       0x3e ../qtouch/lib/gcc\libqtm_touch_key_avr64da_0x0002.a(avr_touch_key_g_avr64da.o)
                0x0000aaf6                qtm_init_sensor_key
 .text.qtm_key_sensors_process
                0x0000ab34      0x74e ../qtouch/lib/gcc\libqtm_touch_key_avr64da_0x0002.a(avr_touch_key_g_avr64da.o)
                0x0000ab34                qtm_key_sensors_process
 .text.divide   0x0000b282       0x50 ../qtouch/lib/gcc\libqtm_scroller_avr64da_0x000b.a(avr_scroller_g_avr64da.o)
 .text.qtm_init_scroller_module
                0x0000b2d2       0x80 ../qtouch/lib/gcc\libqtm_scroller_avr64da_0x000b.a(avr_scroller_g_avr64da.o)
                0x0000b2d2                qtm_init_scroller_module
 .text.qtm_scroller_process
                0x0000b352      0x642 ../qtouch/lib/gcc\libqtm_scroller_avr64da_0x000b.a(avr_scroller_g_avr64da.o)
                0x0000b352                qtm_scroller_process
 .text.charge_share_test
                0x0000b994       0x90 ../qtouch/lib/gcc\libqtm_acq_avr64da_0x0037.a(avr_acq_g_avr64da.o)
 .text.select_next_channel_to_measure
                0x0000ba24       0x66 ../qtouch/lib/gcc\libqtm_acq_avr64da_0x0037.a(avr_acq_g_avr64da.o)
 .text.qtm_measure_node
                0x0000ba8a      0x22a ../qtouch/lib/gcc\libqtm_acq_avr64da_0x0037.a(avr_acq_g_avr64da.o)
 .text.qtm_acquisition_process
                0x0000bcb4      0x504 ../qtouch/lib/gcc\libqtm_acq_avr64da_0x0037.a(avr_acq_g_avr64da.o)
                0x0000bcb4                qtm_acquisition_process
 .text.qtm_ptc_init_acquisition_module
                0x0000c1b8      0x16e ../qtouch/lib/gcc\libqtm_acq_avr64da_0x0037.a(avr_acq_g_avr64da.o)
                0x0000c1b8                qtm_ptc_init_acquisition_module
 .text.qtm_ptc_qtlib_assign_signal_memory
                0x0000c326       0x14 ../qtouch/lib/gcc\libqtm_acq_avr64da_0x0037.a(avr_acq_g_avr64da.o)
                0x0000c326                qtm_ptc_qtlib_assign_signal_memory
 .text.qtm_ptc_start_measurement_seq
                0x0000c33a       0xe0 ../qtouch/lib/gcc\libqtm_acq_avr64da_0x0037.a(avr_acq_g_avr64da.o)
                0x0000c33a                qtm_ptc_start_measurement_seq
 .text.qtm_enable_sensor_node
                0x0000c41a       0x3e ../qtouch/lib/gcc\libqtm_acq_avr64da_0x0037.a(avr_acq_g_avr64da.o)
                0x0000c41a                qtm_enable_sensor_node
 .text.qtm_calibrate_sensor_node
                0x0000c458       0x82 ../qtouch/lib/gcc\libqtm_acq_avr64da_0x0037.a(avr_acq_g_avr64da.o)
                0x0000c458                qtm_calibrate_sensor_node
 .text.qtm_avr_da_ptc_handler_wcomp
                0x0000c4da       0x8c ../qtouch/lib/gcc\libqtm_acq_avr64da_0x0037.a(avr_acq_g_avr64da.o)
                0x0000c4da                qtm_avr_da_ptc_handler_wcomp
 .text.qtm_avr_da_ptc_handler_eoc
                0x0000c566       0xae ../qtouch/lib/gcc\libqtm_acq_avr64da_0x0037.a(avr_acq_g_avr64da.o)
                0x0000c566                qtm_avr_da_ptc_handler_eoc
 .text.libgcc.mul
                0x0000c614       0x20 d:/program files (x86)/atmel/studio/7.0/toolchain/avr8/avr8-gnu-toolchain/bin/../lib/gcc/avr/5.4.0/avrxmega2\libgcc.a(_mulsi3.o)
                0x0000c614                __mulsi3
 .text.libgcc.div
                0x0000c634       0x44 d:/program files (x86)/atmel/studio/7.0/toolchain/avr8/avr8-gnu-toolchain/bin/../lib/gcc/avr/5.4.0/avrxmega2\libgcc.a(_udivmodsi4.o)
                0x0000c634                __udivmodsi4
 .text.libgcc   0x0000c678        0xc d:/program files (x86)/atmel/studio/7.0/toolchain/avr8/avr8-gnu-toolchain/bin/../lib/gcc/avr/5.4.0/avrxmega2\libgcc.a(_tablejump2.o)
                0x0000c678                __tablejump2__
 .text.libgcc.mul
                0x0000c684       0x1e d:/program files (x86)/atmel/studio/7.0/toolchain/avr8/avr8-gnu-toolchain/bin/../lib/gcc/avr/5.4.0/avrxmega2\libgcc.a(_umulhisi3.o)
                0x0000c684                __umulhisi3
 .text.libgcc.mul
                0x0000c6a2       0x16 d:/program files (x86)/atmel/studio/7.0/toolchain/avr8/avr8-gnu-toolchain/bin/../lib/gcc/avr/5.4.0/avrxmega2\libgcc.a(_muluhisi3.o)
                0x0000c6a2                __muluhisi3
 .text.libgcc.builtins
                0x0000c6b8       0x3c d:/program files (x86)/atmel/studio/7.0/toolchain/avr8/avr8-gnu-toolchain/bin/../lib/gcc/avr/5.4.0/avrxmega2\libgcc.a(_ashrdi3.o)
                0x0000c6b8                __ashrdi3
                0x0000c6bc                __lshrdi3
 .text.libgcc   0x0000c6f4       0x18 d:/program files (x86)/atmel/studio/7.0/toolchain/avr8/avr8-gnu-toolchain/bin/../lib/gcc/avr/5.4.0/avrxmega2\libgcc.a(_cmpdi2_s8.o)
                0x0000c6f4                __cmpdi2_s8
 .text.avr-libc
                0x0000c70c      0x242 d:/program files (x86)/atmel/studio/7.0/toolchain/avr8/avr8-gnu-toolchain/bin/../lib/gcc/avr/5.4.0/../../../../avr/lib/avrxmega2\libc.a(malloc.o)
                0x0000c70c                malloc
                0x0000c83c                free
                0x0000c94e                . = ALIGN (0x2)
 *(.fini9)
 .fini9         0x0000c94e        0x0 d:/program files (x86)/atmel/studio/7.0/toolchain/avr8/avr8-gnu-toolchain/bin/../lib/gcc/avr/5.4.0/avrxmega2\libgcc.a(_exit.o)
                0x0000c94e                _exit
                0x0000c94e                exit
 *(.fini9)
 *(.fini8)
 *(.fini8)
 *(.fini7)
 *(.fini7)
 *(.fini6)
 *(.fini6)
 *(.fini5)
 *(.fini5)
 *(.fini4)
 *(.fini4)
 *(.fini3)
 *(.fini3)
 *(.fini2)
 *(.fini2)
 *(.fini1)
 *(.fini1)
 *(.fini0)
 .fini0         0x0000c94e        0x4 d:/program files (x86)/atmel/studio/7.0/toolchain/avr8/avr8-gnu-toolchain/bin/../lib/gcc/avr/5.4.0/avrxmega2\libgcc.a(_exit.o)
 *(.fini0)
                0x0000c952                _etext = .

.data           0x00806000      0x41c load address 0x0000c952
                0x00806000                PROVIDE (__data_start, .)
 *(.data)
 .data          0x00806000        0x6 d:/program files (x86)/atmel/studio/7.0/toolchain/avr8/avr8-gnu-toolchain/bin/../lib/gcc/avr/5.4.0/../../../../avr/lib/avrxmega2\libc.a(malloc.o)
                0x00806000                __malloc_heap_end
                0x00806002                __malloc_heap_start
                0x00806004                __malloc_margin
 *(.data*)
 .data.sin_data
                0x00806006       0x6a driver_isr.o
                0x00806006                sin_data
 .data.g_right_window_obj
                0x00806070       0x17 ep40_cfg.o
                0x00806070                g_right_window_obj
 .data.g_left_window_obj
                0x00806087       0x17 ep40_cfg.o
                0x00806087                g_left_window_obj
 .data.g_backlight_cb
                0x0080609e        0x2 ep40_cfg.o
                0x0080609e                g_backlight_cb
 .data.g_lin_rx_signal
                0x008060a0        0x1 ep40_cfg.o
                0x008060a0                g_lin_rx_signal
 .data.g_window_lock
                0x008060a1        0x6 ep40_cfg.o
                0x008060a1                g_window_lock
 .data.g_btn_rear
                0x008060a7        0xa ep40_cfg.o
                0x008060a7                g_btn_rear
 .data.g_hc595_buffer
                0x008060b1        0x2 led.o
                0x008060b1                g_hc595_buffer
 .data.lin1_Callback
                0x008060b3        0xa middleware/lin1.o
                0x008060b3                lin1_Callback
 .data.lin1_InitConfig0
                0x008060bd        0xb middleware/lin1.o
                0x008060bd                lin1_InitConfig0
 .data.LI0_lin_response_error_bit_offset
                0x008060c8        0x1 middleware/lin_cfg.o
 .data.LI0_lin_response_error_byte_offset
                0x008060c9        0x2 middleware/lin_cfg.o
 .data.LI0_lin_frm_err_resp_sig
                0x008060cb        0x1 middleware/lin_cfg.o
 .data.LI0_lin_configured_NAD
                0x008060cc        0x1 middleware/lin_cfg.o
 .data.LI0_lin_configuration_RAM
                0x008060cd        0x8 middleware/lin_cfg.o
 .data.g_lin_flag_handle_tbl
                0x008060d5        0x3 middleware/lin_cfg.o
                0x008060d5                g_lin_flag_handle_tbl
 .data.g_lin_frame_data_buffer
                0x008060d8       0x10 middleware/lin_cfg.o
                0x008060d8                g_lin_frame_data_buffer
 .data.qtm_scroller_control1
                0x008060e8        0x8 qtouch/touch.o
                0x008060e8                qtm_scroller_control1
 .data.qtm_scroller_config1
                0x008060f0       0x10 qtouch/touch.o
                0x008060f0                qtm_scroller_config1
 .data.qtm_scroller_group_config1
                0x00806100        0x3 qtouch/touch.o
                0x00806100                qtm_scroller_group_config1
 .data.qtlib_key_set1
                0x00806103        0x8 qtouch/touch.o
                0x00806103                qtlib_key_set1
 .data.qtlib_key_configs_set1
                0x0080610b       0x3c qtouch/touch.o
                0x0080610b                qtlib_key_configs_set1
 .data.qtlib_key_grp_config_set1
                0x00806147        0xa qtouch/touch.o
                0x00806147                qtlib_key_grp_config_set1
 .data.qtlib_acq_set1
                0x00806151        0x6 qtouch/touch.o
                0x00806151                qtlib_acq_set1
 .data.ptc_seq_node_cfg1
                0x00806157      0x190 qtouch/touch.o
                0x00806157                ptc_seq_node_cfg1
 .data.ptc_qtlib_acq_gen1
                0x008062e7        0x5 qtouch/touch.o
                0x008062e7                ptc_qtlib_acq_gen1
 .data.USART_1_stream
                0x008062ec        0xe src/usart_basic.o
                0x008062ec                USART_1_stream
 .data.qtm_which_mode_current
                0x008062fa        0x1 ../qtouch/lib/gcc\libqtm_acq_avr64da_0x0037.a(avr_acq_g_avr64da.o)
                0x008062fa                qtm_which_mode_current
 *(.gnu.linkonce.d*)
 *(.rodata)
 .rodata        0x008062fb        0x5 middleware/lin/diagnostic/lin_diagnostic_service.o
 *(.rodata*)
 .rodata.g_level
                0x00806300       0x28 ep40_function_specification.o
                0x00806300                g_level
 .rodata.g_led_Dx
                0x00806328       0x20 led.o
                0x00806328                g_led_Dx
 .rodata.g_lin_protocol_user_cfg_array
                0x00806348       0x1c middleware/lin_cfg.o
                0x00806348                g_lin_protocol_user_cfg_array
 .rodata.g_lin_node_attribute_array
                0x00806364       0x24 middleware/lin_cfg.o
                0x00806364                g_lin_node_attribute_array
 .rodata.LI0_lin_configuration_ROM
                0x00806388       0x10 middleware/lin_cfg.o
 .rodata.lin_frame_tbl
                0x00806398       0x28 middleware/lin_cfg.o
 .rodata.g_lin_virtual_ifc
                0x008063c0        0x4 middleware/lin_cfg.o
                0x008063c0                g_lin_virtual_ifc
 .rodata.g_lin_hardware_ifc
                0x008063c4        0x2 middleware/lin_cfg.o
                0x008063c4                g_lin_hardware_ifc
 .rodata.LI0_lin_diag_services_supported
                0x008063c6        0xa middleware/lin_cfg.o
 .rodata.multipliers_tau_calc
                0x008063d0        0x8 ../qtouch/lib/gcc\libqtm_acq_avr64da_0x0037.a(avr_acq_g_avr64da.o)
 .rodata.gain_setting_int_cap
                0x008063d8        0x5 ../qtouch/lib/gcc\libqtm_acq_avr64da_0x0037.a(avr_acq_g_avr64da.o)
 .rodata.port_array
                0x008063dd        0xe ../qtouch/lib/gcc\libqtm_acq_avr64da_0x0037.a(avr_acq_g_avr64da.o)
 .rodata.PTC_XY_PINS
                0x008063eb       0x30 ../qtouch/lib/gcc\libqtm_acq_avr64da_0x0037.a(avr_acq_g_avr64da.o)
 *(.gnu.linkonce.r*)
                0x0080641c                . = ALIGN (0x2)
 *fill*         0x0080641b        0x1 
                0x0080641c                _edata = .
                0x0080641c                PROVIDE (__data_end, .)

.bss            0x0080641c      0x4ed
                0x0080641c                PROVIDE (__bss_start, .)
 *(.bss)
 *(.bss*)
 .bss.sin_data_out_flg
                0x0080641c        0x1 driver_isr.o
                0x0080641c                sin_data_out_flg
 .bss.sin_data_index
                0x0080641d        0x2 driver_isr.o
                0x0080641d                sin_data_index
 .bss.rear_status_last.6472
                0x0080641f        0x1 ep40_cfg.o
 .bss.rear_status.6473
                0x00806420        0x1 ep40_cfg.o
 .bss.btn_status_last.6391
                0x00806421        0x1 ep40_cfg.o
 .bss.btn_status.6392
                0x00806422        0x1 ep40_cfg.o
 .bss.btn_status_last.6366
                0x00806423        0x1 ep40_cfg.o
 .bss.btn_status.6367
                0x00806424        0x1 ep40_cfg.o
 .bss.bin_size_cnt
                0x00806425        0x2 main.o
                0x00806425                bin_size_cnt
 .bss.update_cnt
                0x00806427        0x2 main.o
                0x00806427                update_cnt
 .bss.program_buffer
                0x00806429      0x200 main.o
                0x00806429                program_buffer
 .bss.jump_flag
                0x00806629        0x2 main.o
                0x00806629                jump_flag
 .bss.flash_flag
                0x0080662b        0x2 main.o
                0x0080662b                flash_flag
 .bss.erase_flag
                0x0080662d        0x2 main.o
                0x0080662d                erase_flag
 .bss.eeprom_set_boot_flg
                0x0080662f        0x1 main.o
                0x0080662f                eeprom_set_boot_flg
 .bss.lin_lld_response_buffer.6277
                0x00806630        0xa middleware/lin/lowlevel/lin.o
 .bss.s_baudrate_adjusted_flg
                0x0080663a        0x1 middleware/lin/lowlevel/lin.o
 .bss.s_lin_max_frame_res_timeout_val
                0x0080663b       0x10 middleware/lin/lowlevel/lin.o
 .bss.s_lin_max_header_timeout
                0x0080664b        0x2 middleware/lin/lowlevel/lin.o
 .bss.s_lin_state_array
                0x0080664d       0x1e middleware/lin/lowlevel/lin.o
 .bss.product_id_data.6311
                0x0080666b        0x5 middleware/lin/transport/lin_commontl_api.o
 .bss.g_lin_frame_updating_flag_tbl
                0x00806670        0x4 middleware/lin_cfg.o
                0x00806670                g_lin_frame_updating_flag_tbl
 .bss.g_lin_frame_flag_handle_tbl
                0x00806674        0x4 middleware/lin_cfg.o
                0x00806674                g_lin_frame_flag_handle_tbl
 .bss.g_buffer_backup_data
                0x00806678        0x8 middleware/lin_cfg.o
                0x00806678                g_buffer_backup_data
 .bss.LI0_tl_rx_queue_data
                0x00806680       0x60 middleware/lin_cfg.o
 .bss.LI0_tl_tx_queue_data
                0x008066e0       0x60 middleware/lin_cfg.o
 .bss.LI0_lin_diag_services_flag
                0x00806740        0xa middleware/lin_cfg.o
 .bss.g_linFuncCallbackPtr
                0x0080674a        0x2 middleware/lin_driver.o
                0x0080674a                g_linFuncCallbackPtr
 .bss.g_linUserconfigPtr
                0x0080674c        0x2 middleware/lin_driver.o
                0x0080674c                g_linUserconfigPtr
 .bss.g_linStatePtr
                0x0080674e        0x2 middleware/lin_driver.o
                0x0080674e                g_linStatePtr
 .bss.qtm_scroller_group_data1
                0x00806750        0x1 qtouch/touch.o
                0x00806750                qtm_scroller_group_data1
 .bss.module_error_code
                0x00806751        0x1 qtouch/touch.o
                0x00806751                module_error_code
 .bss.measurement_done_touch
                0x00806752        0x1 qtouch/touch.o
                0x00806752                measurement_done_touch
 .bss.touch_postprocess_request
                0x00806753        0x1 qtouch/touch.o
                0x00806753                touch_postprocess_request
 .bss.time_to_measure_touch_flag
                0x00806754        0x1 qtouch/touch.o
                0x00806754                time_to_measure_touch_flag
 .bss.g_soft_timer_head
                0x00806755        0x2 soft_timer.o
                0x00806755                g_soft_timer_head
 .bss.ADC_0_cb  0x00806757        0x2 src/adc_basic.o
                0x00806757                ADC_0_cb
 .bss.qtm_local_ms_timecount
                0x00806759        0x2 ../qtouch/lib/gcc\libqtm_touch_key_avr64da_0x0002.a(avr_touch_key_g_avr64da.o)
                0x00806759                qtm_local_ms_timecount
 .bss.ptc_wcomp_happened_pointer
                0x0080675b        0x2 ../qtouch/lib/gcc\libqtm_acq_avr64da_0x0037.a(avr_acq_g_avr64da.o)
 .bss.ptc_seq_measure_complete_pointer
                0x0080675d        0x2 ../qtouch/lib/gcc\libqtm_acq_avr64da_0x0037.a(avr_acq_g_avr64da.o)
 .bss.touch_seq_lib_state
                0x0080675f        0x1 ../qtouch/lib/gcc\libqtm_acq_avr64da_0x0037.a(avr_acq_g_avr64da.o)
 .bss.current_measure_channel
                0x00806760        0x2 ../qtouch/lib/gcc\libqtm_acq_avr64da_0x0037.a(avr_acq_g_avr64da.o)
 *(COMMON)
 COMMON         0x00806762        0x2 driver_isr.o
                0x00806762                g_soft_timer_ticks
 COMMON         0x00806764       0x2b ep40_cfg.o
                0x00806764                g_DFGLS_signal
                0x00806765                g_lin_signal_cnt
 COMMON         0x0080678f        0x4 main.o
                0x0080678f                rb
                0x00806791                ok
                0x00806792                history_blcok_count
 COMMON         0x00806793        0x1 middleware/lin/diagnostic/lin_diagnostic_service.o
                0x00806793                sub_func_id
 COMMON         0x00806794       0x4a middleware/lin/lowlevel/lin.o
                0x00806794                g_lin_tl_descriptor_array
                0x008067c8                g_lin_protocol_state_array
 COMMON         0x008067de      0x11d qtouch/touch.o
                0x008067de                qtlib_key_grp_data_set1
                0x008067e4                interrupt_cnt
                0x008067e5                ptc_qtlib_node_stat1
                0x00806849                qtm_scroller_data1
                0x0080685b                touch_acq_signals_raw
                0x00806883                qtlib_key_data_set1
 COMMON         0x008068fb        0x4 ../qtouch/lib/gcc\libqtm_acq_avr64da_0x0037.a(avr_acq_g_avr64da.o)
                0x008068fb                qtm_acquisition_control_working_set_ptr
                0x008068fd                qtm_raw_data_measurements_ptr
 COMMON         0x008068ff        0x4 d:/program files (x86)/atmel/studio/7.0/toolchain/avr8/avr8-gnu-toolchain/bin/../lib/gcc/avr/5.4.0/../../../../avr/lib/avrxmega2\libc.a(malloc.o)
                0x008068ff                __brkval
                0x00806901                __flp
 COMMON         0x00806903        0x6 d:/program files (x86)/atmel/studio/7.0/toolchain/avr8/avr8-gnu-toolchain/bin/../lib/gcc/avr/5.4.0/../../../../avr/lib/avrxmega2\libc.a(iob.o)
                0x00806903                __iob
                0x00806909                PROVIDE (__bss_end, .)
                0x0000c952                __data_load_start = LOADADDR (.data)
                0x0000cd6e                __data_load_end = (__data_load_start + SIZEOF (.data))

.noinit         0x00806909        0x0
                [!provide]                PROVIDE (__noinit_start, .)
 *(.noinit*)
                [!provide]                PROVIDE (__noinit_end, .)
                0x00806909                _end = .
                0x00806909                PROVIDE (__heap_start, .)

.eeprom         0x00810000        0x0
 *(.eeprom*)
                0x00810000                __eeprom_end = .

.fuse
 *(.fuse)
 *(.lfuse)
 *(.hfuse)
 *(.efuse)

.lock
 *(.lock*)

.signature
 *(.signature*)

.user_signatures
 *(.user_signatures*)

.stab
 *(.stab)

.stabstr
 *(.stabstr)

.stab.excl
 *(.stab.excl)

.stab.exclstr
 *(.stab.exclstr)

.stab.index
 *(.stab.index)

.stab.indexstr
 *(.stab.indexstr)

.comment        0x00000000       0x60
 *(.comment)
 .comment       0x00000000       0x30 atmel_start.o
                                 0x31 (size before relaxing)
 .comment       0x00000030       0x31 driver_isr.o
 .comment       0x00000030       0x31 ep40_cfg.o
 .comment       0x00000030       0x31 ep40_function_specification.o
 .comment       0x00000030       0x31 hc595.o
 .comment       0x00000030       0x31 led.o
 .comment       0x00000030       0x31 main.o
 .comment       0x00000030       0x31 middleware/lin1.o
 .comment       0x00000030       0x31 middleware/lin/coreapi/lin_common_api.o
 .comment       0x00000030       0x31 middleware/lin/coreapi/lin_common_proto.o
 .comment       0x00000030       0x31 middleware/lin/coreapi/lin_j2602_proto.o
 .comment       0x00000030       0x31 middleware/lin/coreapi/lin_lin21_proto.o
 .comment       0x00000030       0x31 middleware/lin/diagnostic/lin_diagnostic_service.o
 .comment       0x00000030       0x31 middleware/lin/lowlevel/lin.o
 .comment       0x00000030       0x31 middleware/lin/transport/lin_commontl_api.o
 .comment       0x00000030       0x31 middleware/lin/transport/lin_commontl_proto.o
 .comment       0x00000030       0x31 middleware/lin_cfg.o
 .comment       0x00000030       0x31 middleware/lin_common.o
 .comment       0x00000030       0x31 middleware/lin_driver.o
 .comment       0x00000030       0x31 qtouch/touch.o
 .comment       0x00000030       0x31 soft_timer.o
 .comment       0x00000030       0x31 src/adc_basic.o
 .comment       0x00000030       0x31 src/bod.o
 .comment       0x00000030       0x31 src/clkctrl.o
 .comment       0x00000030       0x31 src/cpuint.o
 .comment       0x00000030       0x31 src/dac_basic.o
 .comment       0x00000030       0x31 src/driver_init.o
 .comment       0x00000030       0x31 src/nvmctrl_basic.o
 .comment       0x00000030       0x31 src/rtc.o
 .comment       0x00000030       0x31 src/slpctrl.o
 .comment       0x00000030       0x31 src/tca.o
 .comment       0x00000030       0x31 src/tcb.o
 .comment       0x00000030       0x31 src/usart.o
 .comment       0x00000030       0x31 src/usart_basic.o
 .comment       0x00000030       0x31 src/vref.o
 .comment       0x00000030       0x30 ../qtouch/lib/gcc\libqtm_touch_key_avr64da_0x0002.a(avr_touch_key_g_avr64da.o)
                                 0x31 (size before relaxing)
 .comment       0x00000060       0x31 ../qtouch/lib/gcc\libqtm_scroller_avr64da_0x000b.a(avr_scroller_g_avr64da.o)
 .comment       0x00000060       0x31 ../qtouch/lib/gcc\libqtm_acq_avr64da_0x0037.a(avr_acq_g_avr64da.o)
 .comment       0x00000060       0x31 d:/program files (x86)/atmel/studio/7.0/toolchain/avr8/avr8-gnu-toolchain/bin/../lib/gcc/avr/5.4.0/../../../../avr/lib/avrxmega2\libc.a(malloc.o)
 .comment       0x00000060       0x31 d:/program files (x86)/atmel/studio/7.0/toolchain/avr8/avr8-gnu-toolchain/bin/../lib/gcc/avr/5.4.0/../../../../avr/lib/avrxmega2\libc.a(iob.o)

.note.gnu.avr.deviceinfo
                0x00000000       0x3c
 .note.gnu.avr.deviceinfo
                0x00000000       0x3c D:/Program Files (x86)/Atmel/Studio/7.0/Packs/Atmel/AVR-Dx_DFP/1.8.95/gcc/dev/avr64da64/avrxmega2/crtavr64da64.o

.note.gnu.build-id
 *(.note.gnu.build-id)

.debug
 *(.debug)

.line
 *(.line)

.debug_srcinfo
 *(.debug_srcinfo)

.debug_sfnames
 *(.debug_sfnames)

.debug_aranges  0x00000000      0xa10
 *(.debug_aranges)
 .debug_aranges
                0x00000000       0x20 atmel_start.o
 .debug_aranges
                0x00000020       0x40 driver_isr.o
 .debug_aranges
                0x00000060       0x80 ep40_cfg.o
 .debug_aranges
                0x000000e0       0x40 ep40_function_specification.o
 .debug_aranges
                0x00000120       0x20 hc595.o
 .debug_aranges
                0x00000140       0x30 led.o
 .debug_aranges
                0x00000170       0x20 main.o
 .debug_aranges
                0x00000190       0x18 middleware/lin1.o
 .debug_aranges
                0x000001a8       0x48 middleware/lin/coreapi/lin_common_api.o
 .debug_aranges
                0x000001f0       0x60 middleware/lin/coreapi/lin_common_proto.o
 .debug_aranges
                0x00000250       0x20 middleware/lin/coreapi/lin_j2602_proto.o
 .debug_aranges
                0x00000270       0x38 middleware/lin/coreapi/lin_lin21_proto.o
 .debug_aranges
                0x000002a8       0x90 middleware/lin/diagnostic/lin_diagnostic_service.o
 .debug_aranges
                0x00000338       0x88 middleware/lin/lowlevel/lin.o
 .debug_aranges
                0x000003c0       0x60 middleware/lin/transport/lin_commontl_api.o
 .debug_aranges
                0x00000420       0x90 middleware/lin/transport/lin_commontl_proto.o
 .debug_aranges
                0x000004b0       0x20 middleware/lin_cfg.o
 .debug_aranges
                0x000004d0       0x28 middleware/lin_common.o
 .debug_aranges
                0x000004f8       0xc0 middleware/lin_driver.o
 .debug_aranges
                0x000005b8       0xb8 qtouch/touch.o
 .debug_aranges
                0x00000670       0x28 soft_timer.o
 .debug_aranges
                0x00000698       0x80 src/adc_basic.o
 .debug_aranges
                0x00000718       0x20 src/bod.o
 .debug_aranges
                0x00000738       0x20 src/clkctrl.o
 .debug_aranges
                0x00000758       0x20 src/cpuint.o
 .debug_aranges
                0x00000778       0x40 src/dac_basic.o
 .debug_aranges
                0x000007b8       0x60 src/driver_init.o
 .debug_aranges
                0x00000818       0x80 src/nvmctrl_basic.o
 .debug_aranges
                0x00000898       0x20 src/protected_io.o
 .debug_aranges
                0x000008b8       0x20 src/rtc.o
 .debug_aranges
                0x000008d8       0x28 src/slpctrl.o
 .debug_aranges
                0x00000900       0x20 src/tca.o
 .debug_aranges
                0x00000920       0x28 src/tcb.o
 .debug_aranges
                0x00000948       0x20 src/usart.o
 .debug_aranges
                0x00000968       0x88 src/usart_basic.o
 .debug_aranges
                0x000009f0       0x20 src/vref.o

.debug_pubnames
 *(.debug_pubnames)

.debug_info     0x00000000    0x17c10
 *(.debug_info .gnu.linkonce.wi.*)
 .debug_info    0x00000000     0x3072 D:/Program Files (x86)/Atmel/Studio/7.0/Packs/Atmel/AVR-Dx_DFP/1.8.95/gcc/dev/avr64da64/avrxmega2/crtavr64da64.o
 .debug_info    0x00003072       0xb0 atmel_start.o
 .debug_info    0x00003122      0x721 driver_isr.o
 .debug_info    0x00003843     0x12d3 ep40_cfg.o
 .debug_info    0x00004b16      0x9bf ep40_function_specification.o
 .debug_info    0x000054d5      0x3c1 hc595.o
 .debug_info    0x00005896      0x33d led.o
 .debug_info    0x00005bd3      0x6ef main.o
 .debug_info    0x000062c2      0x474 middleware/lin1.o
 .debug_info    0x00006736      0x488 middleware/lin/coreapi/lin_common_api.o
 .debug_info    0x00006bbe     0x13da middleware/lin/coreapi/lin_common_proto.o
 .debug_info    0x00007f98      0x345 middleware/lin/coreapi/lin_j2602_proto.o
 .debug_info    0x000082dd      0xd22 middleware/lin/coreapi/lin_lin21_proto.o
 .debug_info    0x00008fff     0x2070 middleware/lin/diagnostic/lin_diagnostic_service.o
 .debug_info    0x0000b06f     0x1cbe middleware/lin/lowlevel/lin.o
 .debug_info    0x0000cd2d      0xff3 middleware/lin/transport/lin_commontl_api.o
 .debug_info    0x0000dd20     0x162f middleware/lin/transport/lin_commontl_proto.o
 .debug_info    0x0000f34f      0xb19 middleware/lin_cfg.o
 .debug_info    0x0000fe68      0x250 middleware/lin_common.o
 .debug_info    0x000100b8     0x1316 middleware/lin_driver.o
 .debug_info    0x000113ce     0x1f4b qtouch/touch.o
 .debug_info    0x00013319      0x19d soft_timer.o
 .debug_info    0x000134b6      0x6c9 src/adc_basic.o
 .debug_info    0x00013b7f      0x188 src/bod.o
 .debug_info    0x00013d07      0x2ce src/clkctrl.o
 .debug_info    0x00013fd5       0x8d src/cpuint.o
 .debug_info    0x00014062      0x1d3 src/dac_basic.o
 .debug_info    0x00014235     0x13dc src/driver_init.o
 .debug_info    0x00015611      0xe15 src/nvmctrl_basic.o
 .debug_info    0x00016426       0x90 src/protected_io.o
 .debug_info    0x000164b6      0x389 src/rtc.o
 .debug_info    0x0001683f      0x136 src/slpctrl.o
 .debug_info    0x00016975      0x73a src/tca.o
 .debug_info    0x000170af      0x2ae src/tcb.o
 .debug_info    0x0001735d      0x257 src/usart.o
 .debug_info    0x000175b4      0x4ff src/usart_basic.o
 .debug_info    0x00017ab3      0x15d src/vref.o

.debug_abbrev   0x00000000     0x68e6
 *(.debug_abbrev)
 .debug_abbrev  0x00000000     0x2de2 D:/Program Files (x86)/Atmel/Studio/7.0/Packs/Atmel/AVR-Dx_DFP/1.8.95/gcc/dev/avr64da64/avrxmega2/crtavr64da64.o
 .debug_abbrev  0x00002de2       0x63 atmel_start.o
 .debug_abbrev  0x00002e45      0x168 driver_isr.o
 .debug_abbrev  0x00002fad      0x2e2 ep40_cfg.o
 .debug_abbrev  0x0000328f      0x2d4 ep40_function_specification.o
 .debug_abbrev  0x00003563      0x1a7 hc595.o
 .debug_abbrev  0x0000370a      0x1ba led.o
 .debug_abbrev  0x000038c4      0x1ce main.o
 .debug_abbrev  0x00003a92       0xba middleware/lin1.o
 .debug_abbrev  0x00003b4c      0x193 middleware/lin/coreapi/lin_common_api.o
 .debug_abbrev  0x00003cdf      0x2b9 middleware/lin/coreapi/lin_common_proto.o
 .debug_abbrev  0x00003f98      0x134 middleware/lin/coreapi/lin_j2602_proto.o
 .debug_abbrev  0x000040cc      0x1f2 middleware/lin/coreapi/lin_lin21_proto.o
 .debug_abbrev  0x000042be      0x2dd middleware/lin/diagnostic/lin_diagnostic_service.o
 .debug_abbrev  0x0000459b      0x353 middleware/lin/lowlevel/lin.o
 .debug_abbrev  0x000048ee      0x26e middleware/lin/transport/lin_commontl_api.o
 .debug_abbrev  0x00004b5c      0x29e middleware/lin/transport/lin_commontl_proto.o
 .debug_abbrev  0x00004dfa      0x163 middleware/lin_cfg.o
 .debug_abbrev  0x00004f5d      0x113 middleware/lin_common.o
 .debug_abbrev  0x00005070      0x2fd middleware/lin_driver.o
 .debug_abbrev  0x0000536d      0x353 qtouch/touch.o
 .debug_abbrev  0x000056c0      0x111 soft_timer.o
 .debug_abbrev  0x000057d1      0x203 src/adc_basic.o
 .debug_abbrev  0x000059d4       0xaf src/bod.o
 .debug_abbrev  0x00005a83      0x117 src/clkctrl.o
 .debug_abbrev  0x00005b9a       0x51 src/cpuint.o
 .debug_abbrev  0x00005beb      0x10b src/dac_basic.o
 .debug_abbrev  0x00005cf6      0x1d4 src/driver_init.o
 .debug_abbrev  0x00005eca      0x2c7 src/nvmctrl_basic.o
 .debug_abbrev  0x00006191       0x14 src/protected_io.o
 .debug_abbrev  0x000061a5       0xe6 src/rtc.o
 .debug_abbrev  0x0000628b       0xc4 src/slpctrl.o
 .debug_abbrev  0x0000634f      0x102 src/tca.o
 .debug_abbrev  0x00006451       0xf3 src/tcb.o
 .debug_abbrev  0x00006544       0xe6 src/usart.o
 .debug_abbrev  0x0000662a      0x20d src/usart_basic.o
 .debug_abbrev  0x00006837       0xaf src/vref.o

.debug_line     0x00000000     0x811f
 *(.debug_line .debug_line.* .debug_line_end)
 .debug_line    0x00000000      0x217 D:/Program Files (x86)/Atmel/Studio/7.0/Packs/Atmel/AVR-Dx_DFP/1.8.95/gcc/dev/avr64da64/avrxmega2/crtavr64da64.o
 .debug_line    0x00000217       0x8b atmel_start.o
 .debug_line    0x000002a2      0x286 driver_isr.o
 .debug_line    0x00000528      0xa2d ep40_cfg.o
 .debug_line    0x00000f55      0x448 ep40_function_specification.o
 .debug_line    0x0000139d      0x1b7 hc595.o
 .debug_line    0x00001554      0x195 led.o
 .debug_line    0x000016e9      0x285 main.o
 .debug_line    0x0000196e      0x114 middleware/lin1.o
 .debug_line    0x00001a82      0x1c0 middleware/lin/coreapi/lin_common_api.o
 .debug_line    0x00001c42      0x71c middleware/lin/coreapi/lin_common_proto.o
 .debug_line    0x0000235e       0xe8 middleware/lin/coreapi/lin_j2602_proto.o
 .debug_line    0x00002446      0x2aa middleware/lin/coreapi/lin_lin21_proto.o
 .debug_line    0x000026f0     0x1726 middleware/lin/diagnostic/lin_diagnostic_service.o
 .debug_line    0x00003e16      0x5ab middleware/lin/lowlevel/lin.o
 .debug_line    0x000043c1      0x51d middleware/lin/transport/lin_commontl_api.o
 .debug_line    0x000048de      0x9d1 middleware/lin/transport/lin_commontl_proto.o
 .debug_line    0x000052af      0x13d middleware/lin_cfg.o
 .debug_line    0x000053ec      0x157 middleware/lin_common.o
 .debug_line    0x00005543      0x8e0 middleware/lin_driver.o
 .debug_line    0x00005e23      0x583 qtouch/touch.o
 .debug_line    0x000063a6      0x133 soft_timer.o
 .debug_line    0x000064d9      0x2cb src/adc_basic.o
 .debug_line    0x000067a4      0x10b src/bod.o
 .debug_line    0x000068af      0x139 src/clkctrl.o
 .debug_line    0x000069e8       0xab src/cpuint.o
 .debug_line    0x00006a93      0x193 src/dac_basic.o
 .debug_line    0x00006c26      0x4a4 src/driver_init.o
 .debug_line    0x000070ca      0x605 src/nvmctrl_basic.o
 .debug_line    0x000076cf       0x5b src/protected_io.o
 .debug_line    0x0000772a      0x121 src/rtc.o
 .debug_line    0x0000784b      0x11f src/slpctrl.o
 .debug_line    0x0000796a      0x129 src/tca.o
 .debug_line    0x00007a93      0x158 src/tcb.o
 .debug_line    0x00007beb      0x119 src/usart.o
 .debug_line    0x00007d04      0x309 src/usart_basic.o
 .debug_line    0x0000800d      0x112 src/vref.o

.debug_frame    0x00000000     0x1a08
 *(.debug_frame)
 .debug_frame   0x00000000       0x24 atmel_start.o
 .debug_frame   0x00000024      0x184 driver_isr.o
 .debug_frame   0x000001a8       0xfc ep40_cfg.o
 .debug_frame   0x000002a4       0x70 ep40_function_specification.o
 .debug_frame   0x00000314       0x34 hc595.o
 .debug_frame   0x00000348       0x44 led.o
 .debug_frame   0x0000038c       0x24 main.o
 .debug_frame   0x000003b0       0x74 middleware/lin/coreapi/lin_common_api.o
 .debug_frame   0x00000424      0x15c middleware/lin/coreapi/lin_common_proto.o
 .debug_frame   0x00000580       0x24 middleware/lin/coreapi/lin_j2602_proto.o
 .debug_frame   0x000005a4       0xa0 middleware/lin/coreapi/lin_lin21_proto.o
 .debug_frame   0x00000644      0x338 middleware/lin/diagnostic/lin_diagnostic_service.o
 .debug_frame   0x0000097c      0x23c middleware/lin/lowlevel/lin.o
 .debug_frame   0x00000bb8       0xe8 middleware/lin/transport/lin_commontl_api.o
 .debug_frame   0x00000ca0      0x1d8 middleware/lin/transport/lin_commontl_proto.o
 .debug_frame   0x00000e78       0x24 middleware/lin_cfg.o
 .debug_frame   0x00000e9c       0x40 middleware/lin_common.o
 .debug_frame   0x00000edc      0x268 middleware/lin_driver.o
 .debug_frame   0x00001144      0x1b4 qtouch/touch.o
 .debug_frame   0x000012f8       0x54 soft_timer.o
 .debug_frame   0x0000134c      0x12c src/adc_basic.o
 .debug_frame   0x00001478       0x24 src/bod.o
 .debug_frame   0x0000149c       0x24 src/clkctrl.o
 .debug_frame   0x000014c0       0x24 src/cpuint.o
 .debug_frame   0x000014e4       0x64 src/dac_basic.o
 .debug_frame   0x00001548       0xa4 src/driver_init.o
 .debug_frame   0x000015ec      0x230 src/nvmctrl_basic.o
 .debug_frame   0x0000181c       0x24 src/rtc.o
 .debug_frame   0x00001840       0x34 src/slpctrl.o
 .debug_frame   0x00001874       0x24 src/tca.o
 .debug_frame   0x00001898       0x34 src/tcb.o
 .debug_frame   0x000018cc       0x24 src/usart.o
 .debug_frame   0x000018f0       0xf4 src/usart_basic.o
 .debug_frame   0x000019e4       0x24 src/vref.o

.debug_str      0x00000000     0x7b94
 *(.debug_str)
 .debug_str     0x00000000     0x14e3 D:/Program Files (x86)/Atmel/Studio/7.0/Packs/Atmel/AVR-Dx_DFP/1.8.95/gcc/dev/avr64da64/avrxmega2/crtavr64da64.o
 .debug_str     0x000014e3      0x17b atmel_start.o
                                0x1af (size before relaxing)
 .debug_str     0x0000165e      0x255 driver_isr.o
                                0x405 (size before relaxing)
 .debug_str     0x000018b3      0x811 ep40_cfg.o
                                0xacf (size before relaxing)
 .debug_str     0x000020c4      0x23a ep40_function_specification.o
                                0x6d6 (size before relaxing)
 .debug_str     0x000022fe       0x9a hc595.o
                                0x260 (size before relaxing)
 .debug_str     0x00002398       0x65 led.o
                                0x2c4 (size before relaxing)
 .debug_str     0x000023fd      0x42f main.o
                                0x699 (size before relaxing)
 .debug_str     0x0000282c      0x4b6 middleware/lin1.o
                                0x653 (size before relaxing)
 .debug_str     0x00002ce2      0x2bb middleware/lin/coreapi/lin_common_api.o
                                0x493 (size before relaxing)
 .debug_str     0x00002f9d      0xb3f middleware/lin/coreapi/lin_common_proto.o
                               0x1170 (size before relaxing)
 .debug_str     0x00003adc       0x53 middleware/lin/coreapi/lin_j2602_proto.o
                                0x41f (size before relaxing)
 .debug_str     0x00003b2f       0x6e middleware/lin/coreapi/lin_lin21_proto.o
                                0xf4a (size before relaxing)
 .debug_str     0x00003b9d      0x7cb middleware/lin/diagnostic/lin_diagnostic_service.o
                               0x159a (size before relaxing)
 .debug_str     0x00004368      0xb73 middleware/lin/lowlevel/lin.o
                               0x2007 (size before relaxing)
 .debug_str     0x00004edb       0xef middleware/lin/transport/lin_commontl_api.o
                               0x1135 (size before relaxing)
 .debug_str     0x00004fca      0x1d5 middleware/lin/transport/lin_commontl_proto.o
                               0x1567 (size before relaxing)
 .debug_str     0x0000519f      0x134 middleware/lin_cfg.o
                                0xd17 (size before relaxing)
 .debug_str     0x000052d3       0x48 middleware/lin_common.o
                                0x210 (size before relaxing)
 .debug_str     0x0000531b      0x162 middleware/lin_driver.o
                               0x1225 (size before relaxing)
 .debug_str     0x0000547d     0x11f2 qtouch/touch.o
                               0x15d0 (size before relaxing)
 .debug_str     0x0000666f       0x5e soft_timer.o
                                0x21f (size before relaxing)
 .debug_str     0x000066cd      0x42d src/adc_basic.o
                                0x8aa (size before relaxing)
 .debug_str     0x00006afa       0x7e src/bod.o
                                0x247 (size before relaxing)
 .debug_str     0x00006b78      0x169 src/clkctrl.o
                                0x387 (size before relaxing)
 .debug_str     0x00006ce1       0x1c src/cpuint.o
                                0x197 (size before relaxing)
 .debug_str     0x00006cfd       0x70 src/dac_basic.o
                                0x24e (size before relaxing)
 .debug_str     0x00006d6d      0x354 src/driver_init.o
                                0x83d (size before relaxing)
 .debug_str     0x000070c1      0x3ba src/nvmctrl_basic.o
                                0x68f (size before relaxing)
 .debug_str     0x0000747b      0x201 src/rtc.o
                                0x46e (size before relaxing)
 .debug_str     0x0000767c       0xb9 src/slpctrl.o
                                0x25b (size before relaxing)
 .debug_str     0x00007735       0xf2 src/tca.o
                                0x484 (size before relaxing)
 .debug_str     0x00007827      0x130 src/tcb.o
                                0x369 (size before relaxing)
 .debug_str     0x00007957       0x4d src/usart.o
                                0x2ff (size before relaxing)
 .debug_str     0x000079a4      0x12c src/usart_basic.o
                                0x407 (size before relaxing)
 .debug_str     0x00007ad0       0xc4 src/vref.o
                                0x275 (size before relaxing)

.debug_loc      0x00000000     0x88ff
 *(.debug_loc)
 .debug_loc     0x00000000      0x352 driver_isr.o
 .debug_loc     0x00000352      0x25b ep40_cfg.o
 .debug_loc     0x000005ad      0x142 ep40_function_specification.o
 .debug_loc     0x000006ef      0x1f2 hc595.o
 .debug_loc     0x000008e1       0xb3 led.o
 .debug_loc     0x00000994       0x29 main.o
 .debug_loc     0x000009bd       0xc6 middleware/lin/coreapi/lin_common_api.o
 .debug_loc     0x00000a83      0xa35 middleware/lin/coreapi/lin_common_proto.o
 .debug_loc     0x000014b8       0x50 middleware/lin/coreapi/lin_j2602_proto.o
 .debug_loc     0x00001508      0x33b middleware/lin/coreapi/lin_lin21_proto.o
 .debug_loc     0x00001843     0x1ad8 middleware/lin/diagnostic/lin_diagnostic_service.o
 .debug_loc     0x0000331b      0xdae middleware/lin/lowlevel/lin.o
 .debug_loc     0x000040c9      0x507 middleware/lin/transport/lin_commontl_api.o
 .debug_loc     0x000045d0      0xc8a middleware/lin/transport/lin_commontl_proto.o
 .debug_loc     0x0000525a       0xbf middleware/lin_cfg.o
 .debug_loc     0x00005319      0x2a7 middleware/lin_common.o
 .debug_loc     0x000055c0      0xec0 middleware/lin_driver.o
 .debug_loc     0x00006480      0xcaf qtouch/touch.o
 .debug_loc     0x0000712f      0x130 soft_timer.o
 .debug_loc     0x0000725f      0x17c src/adc_basic.o
 .debug_loc     0x000073db       0x2a src/clkctrl.o
 .debug_loc     0x00007405       0x28 src/dac_basic.o
 .debug_loc     0x0000742d      0x566 src/driver_init.o
 .debug_loc     0x00007993      0xeb4 src/nvmctrl_basic.o
 .debug_loc     0x00008847       0x21 src/slpctrl.o
 .debug_loc     0x00008868       0x97 src/usart_basic.o

.debug_macinfo
 *(.debug_macinfo)

.debug_weaknames
 *(.debug_weaknames)

.debug_funcnames
 *(.debug_funcnames)

.debug_typenames
 *(.debug_typenames)

.debug_varnames
 *(.debug_varnames)

.debug_pubtypes
 *(.debug_pubtypes)

.debug_ranges   0x00000000      0x7b8
 *(.debug_ranges)
 .debug_ranges  0x00000000       0x10 atmel_start.o
 .debug_ranges  0x00000010       0x30 driver_isr.o
 .debug_ranges  0x00000040       0x70 ep40_cfg.o
 .debug_ranges  0x000000b0       0x30 ep40_function_specification.o
 .debug_ranges  0x000000e0       0x10 hc595.o
 .debug_ranges  0x000000f0       0x20 led.o
 .debug_ranges  0x00000110       0x10 main.o
 .debug_ranges  0x00000120       0x38 middleware/lin/coreapi/lin_common_api.o
 .debug_ranges  0x00000158       0x50 middleware/lin/coreapi/lin_common_proto.o
 .debug_ranges  0x000001a8       0x10 middleware/lin/coreapi/lin_j2602_proto.o
 .debug_ranges  0x000001b8       0x28 middleware/lin/coreapi/lin_lin21_proto.o
 .debug_ranges  0x000001e0       0x80 middleware/lin/diagnostic/lin_diagnostic_service.o
 .debug_ranges  0x00000260       0x78 middleware/lin/lowlevel/lin.o
 .debug_ranges  0x000002d8       0x50 middleware/lin/transport/lin_commontl_api.o
 .debug_ranges  0x00000328       0x80 middleware/lin/transport/lin_commontl_proto.o
 .debug_ranges  0x000003a8       0x10 middleware/lin_cfg.o
 .debug_ranges  0x000003b8       0x18 middleware/lin_common.o
 .debug_ranges  0x000003d0       0xb0 middleware/lin_driver.o
 .debug_ranges  0x00000480       0xa8 qtouch/touch.o
 .debug_ranges  0x00000528       0x18 soft_timer.o
 .debug_ranges  0x00000540       0x70 src/adc_basic.o
 .debug_ranges  0x000005b0       0x10 src/bod.o
 .debug_ranges  0x000005c0       0x10 src/clkctrl.o
 .debug_ranges  0x000005d0       0x10 src/cpuint.o
 .debug_ranges  0x000005e0       0x30 src/dac_basic.o
 .debug_ranges  0x00000610       0x50 src/driver_init.o
 .debug_ranges  0x00000660       0x70 src/nvmctrl_basic.o
 .debug_ranges  0x000006d0       0x10 src/rtc.o
 .debug_ranges  0x000006e0       0x18 src/slpctrl.o
 .debug_ranges  0x000006f8       0x10 src/tca.o
 .debug_ranges  0x00000708       0x18 src/tcb.o
 .debug_ranges  0x00000720       0x10 src/usart.o
 .debug_ranges  0x00000730       0x78 src/usart_basic.o
 .debug_ranges  0x000007a8       0x10 src/vref.o

.debug_macro
 *(.debug_macro)
OUTPUT(microchip_studio_project.elf elf32-avr)
LOAD linker stubs
