Archive member included to satisfy reference by file (symbol)

d:/program files (x86)/atmel/studio/7.0/toolchain/avr8/avr8-gnu-toolchain/bin/../lib/gcc/avr/5.4.0/avrxmega2\libgcc.a(_udivmodsi4.o)
                              middleware/lin/lowlevel/lin.o (__udivmodsi4)
d:/program files (x86)/atmel/studio/7.0/toolchain/avr8/avr8-gnu-toolchain/bin/../lib/gcc/avr/5.4.0/avrxmega2\libgcc.a(_exit.o)
                              D:/Program Files (x86)/Atmel/Studio/7.0/Packs/Atmel/AVR-Dx_DFP/1.8.95/gcc/dev/avr64da64/avrxmega2/crtavr64da64.o (exit)
d:/program files (x86)/atmel/studio/7.0/toolchain/avr8/avr8-gnu-toolchain/bin/../lib/gcc/avr/5.4.0/avrxmega2\libgcc.a(_tablejump2.o)
                              middleware/lin/diagnostic/lin_diagnostic_service.o (__tablejump2__)
d:/program files (x86)/atmel/studio/7.0/toolchain/avr8/avr8-gnu-toolchain/bin/../lib/gcc/avr/5.4.0/avrxmega2\libgcc.a(_copy_data.o)
                              examples/src/nvmctrl_basic_example.o (__do_copy_data)
d:/program files (x86)/atmel/studio/7.0/toolchain/avr8/avr8-gnu-toolchain/bin/../lib/gcc/avr/5.4.0/avrxmega2\libgcc.a(_clear_bss.o)
                              examples/src/nvmctrl_basic_example.o (__do_clear_bss)
d:/program files (x86)/atmel/studio/7.0/toolchain/avr8/avr8-gnu-toolchain/bin/../lib/gcc/avr/5.4.0/avrxmega2\libgcc.a(_umulhisi3.o)
                              middleware/lin/transport/lin_commontl_api.o (__umulhisi3)
d:/program files (x86)/atmel/studio/7.0/toolchain/avr8/avr8-gnu-toolchain/bin/../lib/gcc/avr/5.4.0/avrxmega2\libgcc.a(_muluhisi3.o)
                              middleware/lin/lowlevel/lin.o (__muluhisi3)
d:/program files (x86)/atmel/studio/7.0/toolchain/avr8/avr8-gnu-toolchain/bin/../lib/gcc/avr/5.4.0/../../../../avr/lib/avrxmega2\libc.a(memcmp.o)
                              examples/src/nvmctrl_basic_example.o (memcmp)
d:/program files (x86)/atmel/studio/7.0/toolchain/avr8/avr8-gnu-toolchain/bin/../lib/gcc/avr/5.4.0/../../../../avr/lib/avrxmega2\libc.a(memcpy.o)
                              src/nvmctrl_basic.o (memcpy)

Allocating common symbols
Common symbol       size              file

g_lin_tl_descriptor_array
                    0x34              middleware/lin/lowlevel/lin.o
rb                  0x2               main.o
lin1_State          0x1e              middleware/lin/lin1.o
crc16_code          0x2               main.o
g_lin_protocol_state_array
                    0x16              middleware/lin/lowlevel/lin.o
history_blcok_count
                    0x1               main.o

Discarded input sections

 .data          0x00000000        0x0 D:/Program Files (x86)/Atmel/Studio/7.0/Packs/Atmel/AVR-Dx_DFP/1.8.95/gcc/dev/avr64da64/avrxmega2/crtavr64da64.o
 .bss           0x00000000        0x0 D:/Program Files (x86)/Atmel/Studio/7.0/Packs/Atmel/AVR-Dx_DFP/1.8.95/gcc/dev/avr64da64/avrxmega2/crtavr64da64.o
 .text          0x00000000        0x0 atmel_start.o
 .data          0x00000000        0x0 atmel_start.o
 .bss           0x00000000        0x0 atmel_start.o
 .text          0x00000000        0x0 driver_isr.o
 .data          0x00000000        0x0 driver_isr.o
 .bss           0x00000000        0x0 driver_isr.o
 .text          0x00000000        0x0 examples/src/nvmctrl_basic_example.o
 .data          0x00000000        0x0 examples/src/nvmctrl_basic_example.o
 .bss           0x00000000        0x0 examples/src/nvmctrl_basic_example.o
 .text.FLASH_0_test_nvmctrl_basic
                0x00000000      0x26a examples/src/nvmctrl_basic_example.o
 .bss.rb        0x00000000        0x1 examples/src/nvmctrl_basic_example.o
 .bss.status    0x00000000        0x1 examples/src/nvmctrl_basic_example.o
 .bss.rdata     0x00000000        0x4 examples/src/nvmctrl_basic_example.o
 .data.wdata    0x00000000        0x4 examples/src/nvmctrl_basic_example.o
 .bss.rambuf    0x00000000        0x1 examples/src/nvmctrl_basic_example.o
 .debug_info    0x00000000      0x513 examples/src/nvmctrl_basic_example.o
 .debug_abbrev  0x00000000       0xe9 examples/src/nvmctrl_basic_example.o
 .debug_loc     0x00000000       0x6e examples/src/nvmctrl_basic_example.o
 .debug_aranges
                0x00000000       0x20 examples/src/nvmctrl_basic_example.o
 .debug_ranges  0x00000000       0x10 examples/src/nvmctrl_basic_example.o
 .debug_line    0x00000000      0x221 examples/src/nvmctrl_basic_example.o
 .debug_str     0x00000000      0x2bc examples/src/nvmctrl_basic_example.o
 .comment       0x00000000       0x31 examples/src/nvmctrl_basic_example.o
 .debug_frame   0x00000000       0x40 examples/src/nvmctrl_basic_example.o
 .text          0x00000000        0x0 main.o
 .data          0x00000000        0x0 main.o
 .bss           0x00000000        0x0 main.o
 .bss.update_mem_addr
                0x00000000        0x4 main.o
 .text          0x00000000        0x0 middleware/lin/coreapi/lin_common_api.o
 .data          0x00000000        0x0 middleware/lin/coreapi/lin_common_api.o
 .bss           0x00000000        0x0 middleware/lin/coreapi/lin_common_api.o
 .text.l_ifc_wake_up
                0x00000000        0x6 middleware/lin/coreapi/lin_common_api.o
 .text.l_ifc_read_status
                0x00000000       0x62 middleware/lin/coreapi/lin_common_api.o
 .text.l_sys_irq_disable
                0x00000000        0x8 middleware/lin/coreapi/lin_common_api.o
 .text.l_sys_irq_restore
                0x00000000        0x6 middleware/lin/coreapi/lin_common_api.o
 .text          0x00000000        0x0 middleware/lin/coreapi/lin_common_proto.o
 .data          0x00000000        0x0 middleware/lin/coreapi/lin_common_proto.o
 .bss           0x00000000        0x0 middleware/lin/coreapi/lin_common_proto.o
 .text          0x00000000        0x0 middleware/lin/coreapi/lin_j2602_proto.o
 .data          0x00000000        0x0 middleware/lin/coreapi/lin_j2602_proto.o
 .bss           0x00000000        0x0 middleware/lin/coreapi/lin_j2602_proto.o
 .text          0x00000000        0x0 middleware/lin/coreapi/lin_lin21_proto.o
 .data          0x00000000        0x0 middleware/lin/coreapi/lin_lin21_proto.o
 .bss           0x00000000        0x0 middleware/lin/coreapi/lin_lin21_proto.o
 .text          0x00000000        0x0 middleware/lin/diagnostic/lin_diagnostic_service.o
 .data          0x00000000        0x0 middleware/lin/diagnostic/lin_diagnostic_service.o
 .bss           0x00000000        0x0 middleware/lin/diagnostic/lin_diagnostic_service.o
 .text.control_dtc_setting
                0x00000000      0x118 middleware/lin/diagnostic/lin_diagnostic_service.o
 .text.lin_write_data_by_identify
                0x00000000        0x2 middleware/lin/diagnostic/lin_diagnostic_service.o
 .text.diag_get_flag
                0x00000000       0x52 middleware/lin/diagnostic/lin_diagnostic_service.o
 .text.diag_clear_flag
                0x00000000       0x4a middleware/lin/diagnostic/lin_diagnostic_service.o
 .text          0x00000000        0x0 middleware/lin/lin1.o
 .data          0x00000000        0x0 middleware/lin/lin1.o
 .bss           0x00000000        0x0 middleware/lin/lin1.o
 COMMON         0x00000000       0x1e middleware/lin/lin1.o
 .text          0x00000000        0x0 middleware/lin/lin_cfg.o
 .data          0x00000000        0x0 middleware/lin/lin_cfg.o
 .bss           0x00000000        0x0 middleware/lin/lin_cfg.o
 .text          0x00000000        0x0 middleware/lin/lin_common.o
 .data          0x00000000        0x0 middleware/lin/lin_common.o
 .bss           0x00000000        0x0 middleware/lin/lin_common.o
 .text          0x00000000        0x0 middleware/lin/lin_driver.o
 .data          0x00000000        0x0 middleware/lin/lin_driver.o
 .bss           0x00000000        0x0 middleware/lin/lin_driver.o
 .text.LIN_DRV_Deinit
                0x00000000        0x2 middleware/lin/lin_driver.o
 .text.LIN_DRV_GetCurrentNodeState
                0x00000000       0x1c middleware/lin/lin_driver.o
 .text.LIN_DRV_SendWakeupSignal
                0x00000000       0x22 middleware/lin/lin_driver.o
 .text.LIN_DRV_MasterSendHeader
                0x00000000       0x6c middleware/lin/lin_driver.o
 .text.LIN_DRV_EnableIRQ
                0x00000000        0x6 middleware/lin/lin_driver.o
 .text.LIN_DRV_DisableIRQ
                0x00000000       0x18 middleware/lin/lin_driver.o
 .text          0x00000000        0x0 middleware/lin/lowlevel/lin.o
 .data          0x00000000        0x0 middleware/lin/lowlevel/lin.o
 .bss           0x00000000        0x0 middleware/lin/lowlevel/lin.o
 .text.lin_lld_deinit
                0x00000000       0x1e middleware/lin/lowlevel/lin.o
 .text.lin_lld_get_state
                0x00000000       0x1e middleware/lin/lowlevel/lin.o
 .text.lin_lld_tx_header
                0x00000000       0x70 middleware/lin/lowlevel/lin.o
 .text.lin_lld_tx_wake_up
                0x00000000       0x28 middleware/lin/lowlevel/lin.o
 .text.lin_lld_int_enable
                0x00000000       0x28 middleware/lin/lowlevel/lin.o
 .text.lin_lld_int_disable
                0x00000000       0x28 middleware/lin/lowlevel/lin.o
 .text.lin_lld_timeout_service
                0x00000000      0x294 middleware/lin/lowlevel/lin.o
 .text          0x00000000        0x0 middleware/lin/transport/lin_commontl_api.o
 .data          0x00000000        0x0 middleware/lin/transport/lin_commontl_api.o
 .bss           0x00000000        0x0 middleware/lin/transport/lin_commontl_api.o
 .text.ld_raw_tx_status
                0x00000000       0x12 middleware/lin/transport/lin_commontl_api.o
 .text.ld_send_message
                0x00000000      0x322 middleware/lin/transport/lin_commontl_api.o
 .text.ld_receive_message
                0x00000000       0x46 middleware/lin/transport/lin_commontl_api.o
 .text.ld_tx_status
                0x00000000       0x12 middleware/lin/transport/lin_commontl_api.o
 .text.ld_rx_status
                0x00000000       0x32 middleware/lin/transport/lin_commontl_api.o
 .text          0x00000000        0x0 middleware/lin/transport/lin_commontl_proto.o
 .data          0x00000000        0x0 middleware/lin/transport/lin_commontl_proto.o
 .bss           0x00000000        0x0 middleware/lin/transport/lin_commontl_proto.o
 .text          0x00000000        0x0 src/bod.o
 .data          0x00000000        0x0 src/bod.o
 .bss           0x00000000        0x0 src/bod.o
 .text          0x00000000        0x0 src/clkctrl.o
 .data          0x00000000        0x0 src/clkctrl.o
 .bss           0x00000000        0x0 src/clkctrl.o
 .text          0x00000000        0x0 src/cpuint.o
 .data          0x00000000        0x0 src/cpuint.o
 .bss           0x00000000        0x0 src/cpuint.o
 .text.CPUINT_init
                0x00000000        0x6 src/cpuint.o
 .debug_info    0x00000000       0x8d src/cpuint.o
 .debug_abbrev  0x00000000       0x51 src/cpuint.o
 .debug_aranges
                0x00000000       0x20 src/cpuint.o
 .debug_ranges  0x00000000       0x10 src/cpuint.o
 .debug_line    0x00000000       0xab src/cpuint.o
 .debug_str     0x00000000      0x18c src/cpuint.o
 .comment       0x00000000       0x31 src/cpuint.o
 .debug_frame   0x00000000       0x24 src/cpuint.o
 .text          0x00000000        0x0 src/driver_init.o
 .data          0x00000000        0x0 src/driver_init.o
 .bss           0x00000000        0x0 src/driver_init.o
 .text          0x00000000        0x0 src/nvmctrl_basic.o
 .data          0x00000000        0x0 src/nvmctrl_basic.o
 .bss           0x00000000        0x0 src/nvmctrl_basic.o
 .text.FLASH_0_read_eeprom_block
                0x00000000        0xe src/nvmctrl_basic.o
 .text.FLASH_0_write_eeprom_block
                0x00000000       0x5c src/nvmctrl_basic.o
 .text.FLASH_0_is_eeprom_ready
                0x00000000        0xe src/nvmctrl_basic.o
 .text.FLASH_0_write_flash_byte
                0x00000000      0x140 src/nvmctrl_basic.o
 .text.FLASH_0_write_flash_block
                0x00000000      0x130 src/nvmctrl_basic.o
 .text.FLASH_0_write_flash_stream
                0x00000000       0xd2 src/nvmctrl_basic.o
 .data.first_byte.4633
                0x00000000        0x1 src/nvmctrl_basic.o
 .text          0x00000000        0x0 src/protected_io.o
 .data          0x00000000        0x0 src/protected_io.o
 .bss           0x00000000        0x0 src/protected_io.o
 .text          0x00000000        0x0 src/slpctrl.o
 .data          0x00000000        0x0 src/slpctrl.o
 .bss           0x00000000        0x0 src/slpctrl.o
 .text.SLPCTRL_set_sleep_mode
                0x00000000       0x10 src/slpctrl.o
 .text          0x00000000        0x0 src/tca.o
 .data          0x00000000        0x0 src/tca.o
 .bss           0x00000000        0x0 src/tca.o
 .text          0x00000000        0x0 src/usart.o
 .data          0x00000000        0x0 src/usart.o
 .bss           0x00000000        0x0 src/usart.o
 .text          0x00000000        0x0 d:/program files (x86)/atmel/studio/7.0/toolchain/avr8/avr8-gnu-toolchain/bin/../lib/gcc/avr/5.4.0/avrxmega2\libgcc.a(_udivmodsi4.o)
 .data          0x00000000        0x0 d:/program files (x86)/atmel/studio/7.0/toolchain/avr8/avr8-gnu-toolchain/bin/../lib/gcc/avr/5.4.0/avrxmega2\libgcc.a(_udivmodsi4.o)
 .bss           0x00000000        0x0 d:/program files (x86)/atmel/studio/7.0/toolchain/avr8/avr8-gnu-toolchain/bin/../lib/gcc/avr/5.4.0/avrxmega2\libgcc.a(_udivmodsi4.o)
 .text.libgcc.mul
                0x00000000        0x0 d:/program files (x86)/atmel/studio/7.0/toolchain/avr8/avr8-gnu-toolchain/bin/../lib/gcc/avr/5.4.0/avrxmega2\libgcc.a(_udivmodsi4.o)
 .text.libgcc   0x00000000        0x0 d:/program files (x86)/atmel/studio/7.0/toolchain/avr8/avr8-gnu-toolchain/bin/../lib/gcc/avr/5.4.0/avrxmega2\libgcc.a(_udivmodsi4.o)
 .text.libgcc.prologue
                0x00000000        0x0 d:/program files (x86)/atmel/studio/7.0/toolchain/avr8/avr8-gnu-toolchain/bin/../lib/gcc/avr/5.4.0/avrxmega2\libgcc.a(_udivmodsi4.o)
 .text.libgcc.builtins
                0x00000000        0x0 d:/program files (x86)/atmel/studio/7.0/toolchain/avr8/avr8-gnu-toolchain/bin/../lib/gcc/avr/5.4.0/avrxmega2\libgcc.a(_udivmodsi4.o)
 .text.libgcc.fmul
                0x00000000        0x0 d:/program files (x86)/atmel/studio/7.0/toolchain/avr8/avr8-gnu-toolchain/bin/../lib/gcc/avr/5.4.0/avrxmega2\libgcc.a(_udivmodsi4.o)
 .text.libgcc.fixed
                0x00000000        0x0 d:/program files (x86)/atmel/studio/7.0/toolchain/avr8/avr8-gnu-toolchain/bin/../lib/gcc/avr/5.4.0/avrxmega2\libgcc.a(_udivmodsi4.o)
 .text          0x00000000        0x0 d:/program files (x86)/atmel/studio/7.0/toolchain/avr8/avr8-gnu-toolchain/bin/../lib/gcc/avr/5.4.0/avrxmega2\libgcc.a(_exit.o)
 .data          0x00000000        0x0 d:/program files (x86)/atmel/studio/7.0/toolchain/avr8/avr8-gnu-toolchain/bin/../lib/gcc/avr/5.4.0/avrxmega2\libgcc.a(_exit.o)
 .bss           0x00000000        0x0 d:/program files (x86)/atmel/studio/7.0/toolchain/avr8/avr8-gnu-toolchain/bin/../lib/gcc/avr/5.4.0/avrxmega2\libgcc.a(_exit.o)
 .text.libgcc.mul
                0x00000000        0x0 d:/program files (x86)/atmel/studio/7.0/toolchain/avr8/avr8-gnu-toolchain/bin/../lib/gcc/avr/5.4.0/avrxmega2\libgcc.a(_exit.o)
 .text.libgcc.div
                0x00000000        0x0 d:/program files (x86)/atmel/studio/7.0/toolchain/avr8/avr8-gnu-toolchain/bin/../lib/gcc/avr/5.4.0/avrxmega2\libgcc.a(_exit.o)
 .text.libgcc   0x00000000        0x0 d:/program files (x86)/atmel/studio/7.0/toolchain/avr8/avr8-gnu-toolchain/bin/../lib/gcc/avr/5.4.0/avrxmega2\libgcc.a(_exit.o)
 .text.libgcc.prologue
                0x00000000        0x0 d:/program files (x86)/atmel/studio/7.0/toolchain/avr8/avr8-gnu-toolchain/bin/../lib/gcc/avr/5.4.0/avrxmega2\libgcc.a(_exit.o)
 .text.libgcc.builtins
                0x00000000        0x0 d:/program files (x86)/atmel/studio/7.0/toolchain/avr8/avr8-gnu-toolchain/bin/../lib/gcc/avr/5.4.0/avrxmega2\libgcc.a(_exit.o)
 .text.libgcc.fmul
                0x00000000        0x0 d:/program files (x86)/atmel/studio/7.0/toolchain/avr8/avr8-gnu-toolchain/bin/../lib/gcc/avr/5.4.0/avrxmega2\libgcc.a(_exit.o)
 .text.libgcc.fixed
                0x00000000        0x0 d:/program files (x86)/atmel/studio/7.0/toolchain/avr8/avr8-gnu-toolchain/bin/../lib/gcc/avr/5.4.0/avrxmega2\libgcc.a(_exit.o)
 .text          0x00000000        0x0 d:/program files (x86)/atmel/studio/7.0/toolchain/avr8/avr8-gnu-toolchain/bin/../lib/gcc/avr/5.4.0/avrxmega2\libgcc.a(_tablejump2.o)
 .data          0x00000000        0x0 d:/program files (x86)/atmel/studio/7.0/toolchain/avr8/avr8-gnu-toolchain/bin/../lib/gcc/avr/5.4.0/avrxmega2\libgcc.a(_tablejump2.o)
 .bss           0x00000000        0x0 d:/program files (x86)/atmel/studio/7.0/toolchain/avr8/avr8-gnu-toolchain/bin/../lib/gcc/avr/5.4.0/avrxmega2\libgcc.a(_tablejump2.o)
 .text.libgcc.mul
                0x00000000        0x0 d:/program files (x86)/atmel/studio/7.0/toolchain/avr8/avr8-gnu-toolchain/bin/../lib/gcc/avr/5.4.0/avrxmega2\libgcc.a(_tablejump2.o)
 .text.libgcc.div
                0x00000000        0x0 d:/program files (x86)/atmel/studio/7.0/toolchain/avr8/avr8-gnu-toolchain/bin/../lib/gcc/avr/5.4.0/avrxmega2\libgcc.a(_tablejump2.o)
 .text.libgcc.prologue
                0x00000000        0x0 d:/program files (x86)/atmel/studio/7.0/toolchain/avr8/avr8-gnu-toolchain/bin/../lib/gcc/avr/5.4.0/avrxmega2\libgcc.a(_tablejump2.o)
 .text.libgcc.builtins
                0x00000000        0x0 d:/program files (x86)/atmel/studio/7.0/toolchain/avr8/avr8-gnu-toolchain/bin/../lib/gcc/avr/5.4.0/avrxmega2\libgcc.a(_tablejump2.o)
 .text.libgcc.fmul
                0x00000000        0x0 d:/program files (x86)/atmel/studio/7.0/toolchain/avr8/avr8-gnu-toolchain/bin/../lib/gcc/avr/5.4.0/avrxmega2\libgcc.a(_tablejump2.o)
 .text.libgcc.fixed
                0x00000000        0x0 d:/program files (x86)/atmel/studio/7.0/toolchain/avr8/avr8-gnu-toolchain/bin/../lib/gcc/avr/5.4.0/avrxmega2\libgcc.a(_tablejump2.o)
 .text          0x00000000        0x0 d:/program files (x86)/atmel/studio/7.0/toolchain/avr8/avr8-gnu-toolchain/bin/../lib/gcc/avr/5.4.0/avrxmega2\libgcc.a(_copy_data.o)
 .data          0x00000000        0x0 d:/program files (x86)/atmel/studio/7.0/toolchain/avr8/avr8-gnu-toolchain/bin/../lib/gcc/avr/5.4.0/avrxmega2\libgcc.a(_copy_data.o)
 .bss           0x00000000        0x0 d:/program files (x86)/atmel/studio/7.0/toolchain/avr8/avr8-gnu-toolchain/bin/../lib/gcc/avr/5.4.0/avrxmega2\libgcc.a(_copy_data.o)
 .text.libgcc.mul
                0x00000000        0x0 d:/program files (x86)/atmel/studio/7.0/toolchain/avr8/avr8-gnu-toolchain/bin/../lib/gcc/avr/5.4.0/avrxmega2\libgcc.a(_copy_data.o)
 .text.libgcc.div
                0x00000000        0x0 d:/program files (x86)/atmel/studio/7.0/toolchain/avr8/avr8-gnu-toolchain/bin/../lib/gcc/avr/5.4.0/avrxmega2\libgcc.a(_copy_data.o)
 .text.libgcc   0x00000000        0x0 d:/program files (x86)/atmel/studio/7.0/toolchain/avr8/avr8-gnu-toolchain/bin/../lib/gcc/avr/5.4.0/avrxmega2\libgcc.a(_copy_data.o)
 .text.libgcc.prologue
                0x00000000        0x0 d:/program files (x86)/atmel/studio/7.0/toolchain/avr8/avr8-gnu-toolchain/bin/../lib/gcc/avr/5.4.0/avrxmega2\libgcc.a(_copy_data.o)
 .text.libgcc.builtins
                0x00000000        0x0 d:/program files (x86)/atmel/studio/7.0/toolchain/avr8/avr8-gnu-toolchain/bin/../lib/gcc/avr/5.4.0/avrxmega2\libgcc.a(_copy_data.o)
 .text.libgcc.fmul
                0x00000000        0x0 d:/program files (x86)/atmel/studio/7.0/toolchain/avr8/avr8-gnu-toolchain/bin/../lib/gcc/avr/5.4.0/avrxmega2\libgcc.a(_copy_data.o)
 .text.libgcc.fixed
                0x00000000        0x0 d:/program files (x86)/atmel/studio/7.0/toolchain/avr8/avr8-gnu-toolchain/bin/../lib/gcc/avr/5.4.0/avrxmega2\libgcc.a(_copy_data.o)
 .text          0x00000000        0x0 d:/program files (x86)/atmel/studio/7.0/toolchain/avr8/avr8-gnu-toolchain/bin/../lib/gcc/avr/5.4.0/avrxmega2\libgcc.a(_clear_bss.o)
 .data          0x00000000        0x0 d:/program files (x86)/atmel/studio/7.0/toolchain/avr8/avr8-gnu-toolchain/bin/../lib/gcc/avr/5.4.0/avrxmega2\libgcc.a(_clear_bss.o)
 .bss           0x00000000        0x0 d:/program files (x86)/atmel/studio/7.0/toolchain/avr8/avr8-gnu-toolchain/bin/../lib/gcc/avr/5.4.0/avrxmega2\libgcc.a(_clear_bss.o)
 .text.libgcc.mul
                0x00000000        0x0 d:/program files (x86)/atmel/studio/7.0/toolchain/avr8/avr8-gnu-toolchain/bin/../lib/gcc/avr/5.4.0/avrxmega2\libgcc.a(_clear_bss.o)
 .text.libgcc.div
                0x00000000        0x0 d:/program files (x86)/atmel/studio/7.0/toolchain/avr8/avr8-gnu-toolchain/bin/../lib/gcc/avr/5.4.0/avrxmega2\libgcc.a(_clear_bss.o)
 .text.libgcc   0x00000000        0x0 d:/program files (x86)/atmel/studio/7.0/toolchain/avr8/avr8-gnu-toolchain/bin/../lib/gcc/avr/5.4.0/avrxmega2\libgcc.a(_clear_bss.o)
 .text.libgcc.prologue
                0x00000000        0x0 d:/program files (x86)/atmel/studio/7.0/toolchain/avr8/avr8-gnu-toolchain/bin/../lib/gcc/avr/5.4.0/avrxmega2\libgcc.a(_clear_bss.o)
 .text.libgcc.builtins
                0x00000000        0x0 d:/program files (x86)/atmel/studio/7.0/toolchain/avr8/avr8-gnu-toolchain/bin/../lib/gcc/avr/5.4.0/avrxmega2\libgcc.a(_clear_bss.o)
 .text.libgcc.fmul
                0x00000000        0x0 d:/program files (x86)/atmel/studio/7.0/toolchain/avr8/avr8-gnu-toolchain/bin/../lib/gcc/avr/5.4.0/avrxmega2\libgcc.a(_clear_bss.o)
 .text.libgcc.fixed
                0x00000000        0x0 d:/program files (x86)/atmel/studio/7.0/toolchain/avr8/avr8-gnu-toolchain/bin/../lib/gcc/avr/5.4.0/avrxmega2\libgcc.a(_clear_bss.o)
 .text          0x00000000        0x0 d:/program files (x86)/atmel/studio/7.0/toolchain/avr8/avr8-gnu-toolchain/bin/../lib/gcc/avr/5.4.0/avrxmega2\libgcc.a(_umulhisi3.o)
 .data          0x00000000        0x0 d:/program files (x86)/atmel/studio/7.0/toolchain/avr8/avr8-gnu-toolchain/bin/../lib/gcc/avr/5.4.0/avrxmega2\libgcc.a(_umulhisi3.o)
 .bss           0x00000000        0x0 d:/program files (x86)/atmel/studio/7.0/toolchain/avr8/avr8-gnu-toolchain/bin/../lib/gcc/avr/5.4.0/avrxmega2\libgcc.a(_umulhisi3.o)
 .text.libgcc.div
                0x00000000        0x0 d:/program files (x86)/atmel/studio/7.0/toolchain/avr8/avr8-gnu-toolchain/bin/../lib/gcc/avr/5.4.0/avrxmega2\libgcc.a(_umulhisi3.o)
 .text.libgcc   0x00000000        0x0 d:/program files (x86)/atmel/studio/7.0/toolchain/avr8/avr8-gnu-toolchain/bin/../lib/gcc/avr/5.4.0/avrxmega2\libgcc.a(_umulhisi3.o)
 .text.libgcc.prologue
                0x00000000        0x0 d:/program files (x86)/atmel/studio/7.0/toolchain/avr8/avr8-gnu-toolchain/bin/../lib/gcc/avr/5.4.0/avrxmega2\libgcc.a(_umulhisi3.o)
 .text.libgcc.builtins
                0x00000000        0x0 d:/program files (x86)/atmel/studio/7.0/toolchain/avr8/avr8-gnu-toolchain/bin/../lib/gcc/avr/5.4.0/avrxmega2\libgcc.a(_umulhisi3.o)
 .text.libgcc.fmul
                0x00000000        0x0 d:/program files (x86)/atmel/studio/7.0/toolchain/avr8/avr8-gnu-toolchain/bin/../lib/gcc/avr/5.4.0/avrxmega2\libgcc.a(_umulhisi3.o)
 .text.libgcc.fixed
                0x00000000        0x0 d:/program files (x86)/atmel/studio/7.0/toolchain/avr8/avr8-gnu-toolchain/bin/../lib/gcc/avr/5.4.0/avrxmega2\libgcc.a(_umulhisi3.o)
 .text          0x00000000        0x0 d:/program files (x86)/atmel/studio/7.0/toolchain/avr8/avr8-gnu-toolchain/bin/../lib/gcc/avr/5.4.0/avrxmega2\libgcc.a(_muluhisi3.o)
 .data          0x00000000        0x0 d:/program files (x86)/atmel/studio/7.0/toolchain/avr8/avr8-gnu-toolchain/bin/../lib/gcc/avr/5.4.0/avrxmega2\libgcc.a(_muluhisi3.o)
 .bss           0x00000000        0x0 d:/program files (x86)/atmel/studio/7.0/toolchain/avr8/avr8-gnu-toolchain/bin/../lib/gcc/avr/5.4.0/avrxmega2\libgcc.a(_muluhisi3.o)
 .text.libgcc.div
                0x00000000        0x0 d:/program files (x86)/atmel/studio/7.0/toolchain/avr8/avr8-gnu-toolchain/bin/../lib/gcc/avr/5.4.0/avrxmega2\libgcc.a(_muluhisi3.o)
 .text.libgcc   0x00000000        0x0 d:/program files (x86)/atmel/studio/7.0/toolchain/avr8/avr8-gnu-toolchain/bin/../lib/gcc/avr/5.4.0/avrxmega2\libgcc.a(_muluhisi3.o)
 .text.libgcc.prologue
                0x00000000        0x0 d:/program files (x86)/atmel/studio/7.0/toolchain/avr8/avr8-gnu-toolchain/bin/../lib/gcc/avr/5.4.0/avrxmega2\libgcc.a(_muluhisi3.o)
 .text.libgcc.builtins
                0x00000000        0x0 d:/program files (x86)/atmel/studio/7.0/toolchain/avr8/avr8-gnu-toolchain/bin/../lib/gcc/avr/5.4.0/avrxmega2\libgcc.a(_muluhisi3.o)
 .text.libgcc.fmul
                0x00000000        0x0 d:/program files (x86)/atmel/studio/7.0/toolchain/avr8/avr8-gnu-toolchain/bin/../lib/gcc/avr/5.4.0/avrxmega2\libgcc.a(_muluhisi3.o)
 .text.libgcc.fixed
                0x00000000        0x0 d:/program files (x86)/atmel/studio/7.0/toolchain/avr8/avr8-gnu-toolchain/bin/../lib/gcc/avr/5.4.0/avrxmega2\libgcc.a(_muluhisi3.o)
 .text          0x00000000        0x0 d:/program files (x86)/atmel/studio/7.0/toolchain/avr8/avr8-gnu-toolchain/bin/../lib/gcc/avr/5.4.0/../../../../avr/lib/avrxmega2\libc.a(memcmp.o)
 .data          0x00000000        0x0 d:/program files (x86)/atmel/studio/7.0/toolchain/avr8/avr8-gnu-toolchain/bin/../lib/gcc/avr/5.4.0/../../../../avr/lib/avrxmega2\libc.a(memcmp.o)
 .bss           0x00000000        0x0 d:/program files (x86)/atmel/studio/7.0/toolchain/avr8/avr8-gnu-toolchain/bin/../lib/gcc/avr/5.4.0/../../../../avr/lib/avrxmega2\libc.a(memcmp.o)
 .text.avr-libc
                0x00000000       0x1a d:/program files (x86)/atmel/studio/7.0/toolchain/avr8/avr8-gnu-toolchain/bin/../lib/gcc/avr/5.4.0/../../../../avr/lib/avrxmega2\libc.a(memcmp.o)
 .text          0x00000000        0x0 d:/program files (x86)/atmel/studio/7.0/toolchain/avr8/avr8-gnu-toolchain/bin/../lib/gcc/avr/5.4.0/../../../../avr/lib/avrxmega2\libc.a(memcpy.o)
 .data          0x00000000        0x0 d:/program files (x86)/atmel/studio/7.0/toolchain/avr8/avr8-gnu-toolchain/bin/../lib/gcc/avr/5.4.0/../../../../avr/lib/avrxmega2\libc.a(memcpy.o)
 .bss           0x00000000        0x0 d:/program files (x86)/atmel/studio/7.0/toolchain/avr8/avr8-gnu-toolchain/bin/../lib/gcc/avr/5.4.0/../../../../avr/lib/avrxmega2\libc.a(memcpy.o)
 .text.avr-libc
                0x00000000       0x12 d:/program files (x86)/atmel/studio/7.0/toolchain/avr8/avr8-gnu-toolchain/bin/../lib/gcc/avr/5.4.0/../../../../avr/lib/avrxmega2\libc.a(memcpy.o)

Memory Configuration

Name             Origin             Length             Attributes
text             0x00000000         0x00010000         xr
data             0x00806000         0x00002000         rw !x
eeprom           0x00810000         0x00000200         rw !x
fuse             0x00820000         0x00000010         rw !x
lock             0x00830000         0x00000400         rw !x
signature        0x00840000         0x00000400         rw !x
user_signatures  0x00850000         0x00000400         rw !x
*default*        0x00000000         0xffffffff

Linker script and memory map

Address of section .data set to 0x806000
                0x00008000                __RODATA_PM_OFFSET__ = 0x8000
LOAD D:/Program Files (x86)/Atmel/Studio/7.0/Packs/Atmel/AVR-Dx_DFP/1.8.95/gcc/dev/avr64da64/avrxmega2/crtavr64da64.o
LOAD atmel_start.o
LOAD driver_isr.o
LOAD examples/src/nvmctrl_basic_example.o
LOAD main.o
LOAD middleware/lin/coreapi/lin_common_api.o
LOAD middleware/lin/coreapi/lin_common_proto.o
LOAD middleware/lin/coreapi/lin_j2602_proto.o
LOAD middleware/lin/coreapi/lin_lin21_proto.o
LOAD middleware/lin/diagnostic/lin_diagnostic_service.o
LOAD middleware/lin/lin1.o
LOAD middleware/lin/lin_cfg.o
LOAD middleware/lin/lin_common.o
LOAD middleware/lin/lin_driver.o
LOAD middleware/lin/lowlevel/lin.o
LOAD middleware/lin/transport/lin_commontl_api.o
LOAD middleware/lin/transport/lin_commontl_proto.o
LOAD src/bod.o
LOAD src/clkctrl.o
LOAD src/cpuint.o
LOAD src/driver_init.o
LOAD src/nvmctrl_basic.o
LOAD src/protected_io.o
LOAD src/slpctrl.o
LOAD src/tca.o
LOAD src/usart.o
START GROUP
LOAD d:/program files (x86)/atmel/studio/7.0/toolchain/avr8/avr8-gnu-toolchain/bin/../lib/gcc/avr/5.4.0/../../../../avr/lib/avrxmega2\libm.a
END GROUP
START GROUP
LOAD d:/program files (x86)/atmel/studio/7.0/toolchain/avr8/avr8-gnu-toolchain/bin/../lib/gcc/avr/5.4.0/avrxmega2\libgcc.a
LOAD d:/program files (x86)/atmel/studio/7.0/toolchain/avr8/avr8-gnu-toolchain/bin/../lib/gcc/avr/5.4.0/../../../../avr/lib/avrxmega2\libm.a
LOAD d:/program files (x86)/atmel/studio/7.0/toolchain/avr8/avr8-gnu-toolchain/bin/../lib/gcc/avr/5.4.0/../../../../avr/lib/avrxmega2\libc.a
LOAD D:/Program Files (x86)/Atmel/Studio/7.0/Packs/Atmel/AVR-Dx_DFP/1.8.95/gcc/dev/avr64da64/avrxmega2\libavr64da64.a
END GROUP
                [0x00000000]                __TEXT_REGION_ORIGIN__ = DEFINED (__TEXT_REGION_ORIGIN__)?__TEXT_REGION_ORIGIN__:0x0
                [0x00806000]                __DATA_REGION_ORIGIN__ = DEFINED (__DATA_REGION_ORIGIN__)?__DATA_REGION_ORIGIN__:0x802000
                [0x00010000]                __TEXT_REGION_LENGTH__ = DEFINED (__TEXT_REGION_LENGTH__)?__TEXT_REGION_LENGTH__:0x100000
                [0x00002000]                __DATA_REGION_LENGTH__ = DEFINED (__DATA_REGION_LENGTH__)?__DATA_REGION_LENGTH__:0xffa0
                [0x00000200]                __EEPROM_REGION_LENGTH__ = DEFINED (__EEPROM_REGION_LENGTH__)?__EEPROM_REGION_LENGTH__:0x10000
                [0x00000010]                __FUSE_REGION_LENGTH__ = DEFINED (__FUSE_REGION_LENGTH__)?__FUSE_REGION_LENGTH__:0x400
                0x00000400                __LOCK_REGION_LENGTH__ = DEFINED (__LOCK_REGION_LENGTH__)?__LOCK_REGION_LENGTH__:0x400
                0x00000400                __SIGNATURE_REGION_LENGTH__ = DEFINED (__SIGNATURE_REGION_LENGTH__)?__SIGNATURE_REGION_LENGTH__:0x400
                0x00000400                __USER_SIGNATURE_REGION_LENGTH__ = DEFINED (__USER_SIGNATURE_REGION_LENGTH__)?__USER_SIGNATURE_REGION_LENGTH__:0x400

.hash
 *(.hash)

.dynsym
 *(.dynsym)

.dynstr
 *(.dynstr)

.gnu.version
 *(.gnu.version)

.gnu.version_d
 *(.gnu.version_d)

.gnu.version_r
 *(.gnu.version_r)

.rel.init
 *(.rel.init)

.rela.init
 *(.rela.init)

.rel.text
 *(.rel.text)
 *(.rel.text.*)
 *(.rel.gnu.linkonce.t*)

.rela.text
 *(.rela.text)
 *(.rela.text.*)
 *(.rela.gnu.linkonce.t*)

.rel.fini
 *(.rel.fini)

.rela.fini
 *(.rela.fini)

.rel.rodata
 *(.rel.rodata)
 *(.rel.rodata.*)
 *(.rel.gnu.linkonce.r*)

.rela.rodata
 *(.rela.rodata)
 *(.rela.rodata.*)
 *(.rela.gnu.linkonce.r*)

.rel.data
 *(.rel.data)
 *(.rel.data.*)
 *(.rel.gnu.linkonce.d*)

.rela.data
 *(.rela.data)
 *(.rela.data.*)
 *(.rela.gnu.linkonce.d*)

.rel.ctors
 *(.rel.ctors)

.rela.ctors
 *(.rela.ctors)

.rel.dtors
 *(.rel.dtors)

.rela.dtors
 *(.rela.dtors)

.rel.got
 *(.rel.got)

.rela.got
 *(.rela.got)

.rel.bss
 *(.rel.bss)

.rela.bss
 *(.rela.bss)

.rel.plt
 *(.rel.plt)

.rela.plt
 *(.rela.plt)

.text           0x00000000     0x3ff0
 *(.vectors)
 .vectors       0x00000000      0x100 D:/Program Files (x86)/Atmel/Studio/7.0/Packs/Atmel/AVR-Dx_DFP/1.8.95/gcc/dev/avr64da64/avrxmega2/crtavr64da64.o
                0x00000000                __vector_default
                0x00000000                __vectors
 *(.vectors)
 *(.progmem.gcc*)
 .progmem.gcc_sw_table.lin_diag_service_callback
                0x00000100       0x50 middleware/lin/diagnostic/lin_diagnostic_service.o
 .progmem.gcc_sw_table.CallbackHandler
                0x00000150       0x1a middleware/lin/lowlevel/lin.o
 .progmem.gcc_sw_table.lin_tl_callback_handler
                0x0000016a       0x10 middleware/lin/transport/lin_commontl_proto.o
                0x0000017a                . = ALIGN (0x2)
                0x0000017a                __trampolines_start = .
 *(.trampolines)
 .trampolines   0x0000017a        0x0 linker stubs
 *(.trampolines*)
                0x0000017a                __trampolines_end = .
 *libprintf_flt.a:*(.progmem.data)
 *libc.a:*(.progmem.data)
 *(.progmem*)
                0x0000017a                . = ALIGN (0x2)
 *(.jumptables)
 *(.jumptables*)
 *(.lowtext)
 *(.lowtext*)
                0x0000017a                __ctors_start = .
 *(.ctors)
                0x0000017a                __ctors_end = .
                0x0000017a                __dtors_start = .
 *(.dtors)
                0x0000017a                __dtors_end = .
 SORT(*)(.ctors)
 SORT(*)(.dtors)
 *(.init0)
 .init0         0x0000017a        0x0 D:/Program Files (x86)/Atmel/Studio/7.0/Packs/Atmel/AVR-Dx_DFP/1.8.95/gcc/dev/avr64da64/avrxmega2/crtavr64da64.o
                0x0000017a                __init
 *(.init0)
 *(.init1)
 *(.init1)
 *(.init2)
 .init2         0x0000017a        0xc D:/Program Files (x86)/Atmel/Studio/7.0/Packs/Atmel/AVR-Dx_DFP/1.8.95/gcc/dev/avr64da64/avrxmega2/crtavr64da64.o
 *(.init2)
 *(.init3)
 *(.init3)
 *(.init4)
 .init4         0x00000186       0x16 d:/program files (x86)/atmel/studio/7.0/toolchain/avr8/avr8-gnu-toolchain/bin/../lib/gcc/avr/5.4.0/avrxmega2\libgcc.a(_copy_data.o)
                0x00000186                __do_copy_data
 .init4         0x0000019c       0x10 d:/program files (x86)/atmel/studio/7.0/toolchain/avr8/avr8-gnu-toolchain/bin/../lib/gcc/avr/5.4.0/avrxmega2\libgcc.a(_clear_bss.o)
                0x0000019c                __do_clear_bss
 *(.init4)
 *(.init5)
 *(.init5)
 *(.init6)
 *(.init6)
 *(.init7)
 *(.init7)
 *(.init8)
 *(.init8)
 *(.init9)
 .init9         0x000001ac        0x8 D:/Program Files (x86)/Atmel/Studio/7.0/Packs/Atmel/AVR-Dx_DFP/1.8.95/gcc/dev/avr64da64/avrxmega2/crtavr64da64.o
 *(.init9)
 *(.text)
 .text          0x000001b4        0x4 D:/Program Files (x86)/Atmel/Studio/7.0/Packs/Atmel/AVR-Dx_DFP/1.8.95/gcc/dev/avr64da64/avrxmega2/crtavr64da64.o
                0x000001b4                __vector_38
                0x000001b4                __vector_22
                0x000001b4                __vector_63
                0x000001b4                __vector_28
                0x000001b4                __vector_1
                0x000001b4                __vector_32
                0x000001b4                __vector_34
                0x000001b4                __vector_62
                0x000001b4                __vector_24
                0x000001b4                __vector_12
                0x000001b4                __vector_46
                0x000001b4                __bad_interrupt
                0x000001b4                __vector_6
                0x000001b4                __vector_31
                0x000001b4                __vector_35
                0x000001b4                __vector_39
                0x000001b4                __vector_3
                0x000001b4                __vector_23
                0x000001b4                __vector_30
                0x000001b4                __vector_45
                0x000001b4                __vector_25
                0x000001b4                __vector_61
                0x000001b4                __vector_11
                0x000001b4                __vector_54
                0x000001b4                __vector_13
                0x000001b4                __vector_17
                0x000001b4                __vector_19
                0x000001b4                __vector_56
                0x000001b4                __vector_49
                0x000001b4                __vector_41
                0x000001b4                __vector_43
                0x000001b4                __vector_27
                0x000001b4                __vector_5
                0x000001b4                __vector_33
                0x000001b4                __vector_47
                0x000001b4                __vector_52
                0x000001b4                __vector_37
                0x000001b4                __vector_4
                0x000001b4                __vector_44
                0x000001b4                __vector_51
                0x000001b4                __vector_9
                0x000001b4                __vector_2
                0x000001b4                __vector_21
                0x000001b4                __vector_15
                0x000001b4                __vector_36
                0x000001b4                __vector_58
                0x000001b4                __vector_29
                0x000001b4                __vector_60
                0x000001b4                __vector_40
                0x000001b4                __vector_8
                0x000001b4                __vector_26
                0x000001b4                __vector_48
                0x000001b4                __vector_14
                0x000001b4                __vector_57
                0x000001b4                __vector_53
                0x000001b4                __vector_10
                0x000001b4                __vector_50
                0x000001b4                __vector_16
                0x000001b4                __vector_59
                0x000001b4                __vector_18
                0x000001b4                __vector_20
                0x000001b4                __vector_42
                0x000001b8                . = ALIGN (0x2)
 *(.text.*)
 .text.atmel_start_init
                0x000001b8        0x6 atmel_start.o
                0x000001b8                atmel_start_init
 .text.__vector_55
                0x000001be       0xa0 driver_isr.o
                0x000001be                __vector_55
 .text.__vector_7
                0x0000025e       0x54 driver_isr.o
                0x0000025e                __vector_7
 .text.main     0x000002b2      0x30e main.o
                0x000002b2                main
 .text.l_sys_init
                0x000005c0        0x4 middleware/lin/coreapi/lin_common_api.o
                0x000005c0                l_sys_init
 .text.l_ifc_init
                0x000005c4       0x14 middleware/lin/coreapi/lin_common_api.o
                0x000005c4                l_ifc_init
 .text.lin_update_tx_flags
                0x000005d8       0xa2 middleware/lin/coreapi/lin_common_proto.o
 .text.lin_bus_activity_timeout
                0x0000067a       0x48 middleware/lin/coreapi/lin_common_proto.o
 .text.lin_get_frame_index
                0x000006c2       0x5a middleware/lin/coreapi/lin_common_proto.o
                0x000006c2                lin_get_frame_index
 .text.lin_update_tx
                0x0000071c      0x14e middleware/lin/coreapi/lin_common_proto.o
 .text.lin_handle_error
                0x0000086a      0x154 middleware/lin/coreapi/lin_common_proto.o
 .text.lin_process_uncd_frame
                0x000009be      0x19a middleware/lin/coreapi/lin_common_proto.o
                0x000009be                lin_process_uncd_frame
 .text.lin_process_id
                0x00000b58      0x22c middleware/lin/coreapi/lin_common_proto.o
 .text.lin_update_rx
                0x00000d84      0x20a middleware/lin/coreapi/lin_common_proto.o
 .text.lin_pid_resp_callback_handler
                0x00000f8e       0x3e middleware/lin/coreapi/lin_common_proto.o
                0x00000f8e                lin_pid_resp_callback_handler
 .text.lin_update_word_status_j2602
                0x00000fcc       0x54 middleware/lin/coreapi/lin_j2602_proto.o
                0x00000fcc                lin_update_word_status_j2602
 .text.lin_update_word_status_lin21
                0x00001020       0xc2 middleware/lin/coreapi/lin_lin21_proto.o
                0x00001020                lin_update_word_status_lin21
 .text.lin_update_err_signal
                0x000010e2       0xee middleware/lin/coreapi/lin_lin21_proto.o
                0x000010e2                lin_update_err_signal
 .text.lin_update_rx_evnt_frame
                0x000011d0       0xe0 middleware/lin/coreapi/lin_lin21_proto.o
                0x000011d0                lin_update_rx_evnt_frame
 .text.lin_make_res_evnt_frame
                0x000012b0       0x38 middleware/lin/coreapi/lin_lin21_proto.o
                0x000012b0                lin_make_res_evnt_frame
 .text.ld_make_slave_response_pdu
                0x000012e8      0x24e middleware/lin/diagnostic/lin_diagnostic_service.o
 .text.lin_slave_session_ctr
                0x00001536       0xe6 middleware/lin/diagnostic/lin_diagnostic_service.o
                0x00001536                lin_slave_session_ctr
 .text.lin_routine_control
                0x0000161c      0x36c middleware/lin/diagnostic/lin_diagnostic_service.o
                0x0000161c                lin_routine_control
 .text.lin_transfer_data
                0x00001988      0x2e4 middleware/lin/diagnostic/lin_diagnostic_service.o
                0x00001988                lin_transfer_data
 .text.lin_security_visit
                0x00001c6c      0x128 middleware/lin/diagnostic/lin_diagnostic_service.o
                0x00001c6c                lin_security_visit
 .text.lin_download_request
                0x00001d94      0x150 middleware/lin/diagnostic/lin_diagnostic_service.o
                0x00001d94                lin_download_request
 .text.lin_download_exit
                0x00001ee4       0x8a middleware/lin/diagnostic/lin_diagnostic_service.o
                0x00001ee4                lin_download_exit
 .text.lin_ecu_reset
                0x00001f6e        0xe middleware/lin/diagnostic/lin_diagnostic_service.o
                0x00001f6e                lin_ecu_reset
 .text.lin_diag_service_callback
                0x00001f7c      0x102 middleware/lin/diagnostic/lin_diagnostic_service.o
                0x00001f7c                lin_diag_service_callback
 .text.ld_read_by_id_callout
                0x0000207e       0x42 middleware/lin/lin_cfg.o
                0x0000207e                ld_read_by_id_callout
 .text.LIN_DRV_ProcessParity
                0x000020c0       0x90 middleware/lin/lin_common.o
                0x000020c0                LIN_DRV_ProcessParity
 .text.LIN_DRV_MakeChecksumByte
                0x00002150       0x4c middleware/lin/lin_common.o
                0x00002150                LIN_DRV_MakeChecksumByte
 .text.LIN_DRV_ProcessSendFrameData
                0x0000219c       0xe2 middleware/lin/lin_driver.o
 .text.LIN_DRV_ProcessFrameHeader
                0x0000227e       0x96 middleware/lin/lin_driver.o
 .text.LIN_COM_DRV_MakeChecksumByte
                0x00002314       0x58 middleware/lin/lin_driver.o
 .text.LIN_DRV_Init
                0x0000236c       0x46 middleware/lin/lin_driver.o
                0x0000236c                LIN_DRV_Init
 .text.LIN_DRV_GotoIdleState
                0x000023b2       0x1e middleware/lin/lin_driver.o
                0x000023b2                LIN_DRV_GotoIdleState
 .text.LIN_DRV_ProcessReceiveFrameData
                0x000023d0       0xea middleware/lin/lin_driver.o
 .text.LIN_DRV_GoToSleepMode
                0x000024ba       0x1a middleware/lin/lin_driver.o
                0x000024ba                LIN_DRV_GoToSleepMode
 .text.LIN_DRV_AbortTransferData
                0x000024d4       0x24 middleware/lin/lin_driver.o
                0x000024d4                LIN_DRV_AbortTransferData
 .text.LIN_DRV_InstallCallback
                0x000024f8       0x1a middleware/lin/lin_driver.o
                0x000024f8                LIN_DRV_InstallCallback
 .text.LIN_DRV_IRQHandler
                0x00002512      0x104 middleware/lin/lin_driver.o
                0x00002512                LIN_DRV_IRQHandler
 .text.LIN_DRV_SendFrameData
                0x00002616       0x96 middleware/lin/lin_driver.o
                0x00002616                LIN_DRV_SendFrameData
 .text.LIN_DRV_ReceiveFrameData
                0x000026ac       0x54 middleware/lin/lin_driver.o
                0x000026ac                LIN_DRV_ReceiveFrameData
 .text.LIN_DRV_TimeoutService
                0x00002700       0xd2 middleware/lin/lin_driver.o
                0x00002700                LIN_DRV_TimeoutService
 .text.LIN_DRV_SetTimeoutCounter
                0x000027d2       0x1c middleware/lin/lin_driver.o
                0x000027d2                LIN_DRV_SetTimeoutCounter
 .text.LIN_DRV_GetReceiveStatus
                0x000027ee       0x42 middleware/lin/lin_driver.o
                0x000027ee                LIN_DRV_GetReceiveStatus
 .text.CallbackHandler
                0x00002830      0x132 middleware/lin/lowlevel/lin.o
 .text.lin_process_parity
                0x00002962        0x6 middleware/lin/lowlevel/lin.o
                0x00002962                lin_process_parity
 .text.lin_lld_init
                0x00002968      0x298 middleware/lin/lowlevel/lin.o
                0x00002968                lin_lld_init
 .text.lin_lld_ignore_response
                0x00002c00       0x28 middleware/lin/lowlevel/lin.o
                0x00002c00                lin_lld_ignore_response
 .text.lin_lld_set_low_power_mode
                0x00002c28       0x28 middleware/lin/lowlevel/lin.o
                0x00002c28                lin_lld_set_low_power_mode
 .text.lin_lld_set_response
                0x00002c50       0xa0 middleware/lin/lowlevel/lin.o
                0x00002c50                lin_lld_set_response
 .text.lin_lld_rx_response
                0x00002cf0       0xa0 middleware/lin/lowlevel/lin.o
                0x00002cf0                lin_lld_rx_response
 .text.ld_init  0x00002d90      0x112 middleware/lin/transport/lin_commontl_api.o
                0x00002d90                ld_init
 .text.ld_put_raw
                0x00002ea2       0x8a middleware/lin/transport/lin_commontl_api.o
                0x00002ea2                ld_put_raw
 .text.ld_get_raw
                0x00002f2c       0x14 middleware/lin/transport/lin_commontl_api.o
                0x00002f2c                ld_get_raw
 .text.ld_raw_rx_status
                0x00002f40       0x12 middleware/lin/transport/lin_commontl_api.o
                0x00002f40                ld_raw_rx_status
 .text.lin_tl_handle_timeout
                0x00002f52       0xd8 middleware/lin/transport/lin_commontl_proto.o
 .text.lin_tl_handler_error
                0x0000302a       0xca middleware/lin/transport/lin_commontl_proto.o
 .text.lin_tl_handler_tx_completed
                0x000030f4       0xcc middleware/lin/transport/lin_commontl_proto.o
 .text.lin_tl_attach_service
                0x000031c0       0x88 middleware/lin/transport/lin_commontl_proto.o
 .text.tl_receive_message
                0x00003248      0x1d8 middleware/lin/transport/lin_commontl_proto.o
 .text.tl_put_raw
                0x00003420       0xde middleware/lin/transport/lin_commontl_proto.o
                0x00003420                tl_put_raw
 .text.lin_process_single_frame
                0x000034fe       0xdc middleware/lin/transport/lin_commontl_proto.o
 .text.lin_process_first_frame
                0x000035da      0x1b2 middleware/lin/transport/lin_commontl_proto.o
 .text.lin_process_consecutive_frame
                0x0000378c      0x180 middleware/lin/transport/lin_commontl_proto.o
 .text.lin_process_pdu
                0x0000390c       0x62 middleware/lin/transport/lin_commontl_proto.o
 .text.lin_tl_handler_rx_completed
                0x0000396e      0x116 middleware/lin/transport/lin_commontl_proto.o
 .text.tl_get_raw
                0x00003a84       0x94 middleware/lin/transport/lin_commontl_proto.o
                0x00003a84                tl_get_raw
 .text.lin_tl_make_master_request_pdu
                0x00003b18       0x3c middleware/lin/transport/lin_commontl_proto.o
 .text.lin_tl_get_pdu
                0x00003b54       0x30 middleware/lin/transport/lin_commontl_proto.o
 .text.lin_tl_callback_handler
                0x00003b84       0xf0 middleware/lin/transport/lin_commontl_proto.o
                0x00003b84                lin_tl_callback_handler
 .text.BOD_init
                0x00003c74        0x8 src/bod.o
                0x00003c74                BOD_init
 .text.CLKCTRL_init
                0x00003c7c       0x10 src/clkctrl.o
                0x00003c7c                CLKCTRL_init
 .text.mcu_init
                0x00003c8c       0xaa src/driver_init.o
                0x00003c8c                mcu_init
 .text.USART_0_initialization
                0x00003d36       0x2e src/driver_init.o
                0x00003d36                USART_0_initialization
 .text.TIMER_0_initialization
                0x00003d64        0x6 src/driver_init.o
                0x00003d64                TIMER_0_initialization
 .text.FLASH_0_initialization
                0x00003d6a        0x6 src/driver_init.o
                0x00003d6a                FLASH_0_initialization
 .text.system_init
                0x00003d70       0x22 src/driver_init.o
                0x00003d70                system_init
 .text.FLASH_0_init
                0x00003d92        0xa src/nvmctrl_basic.o
                0x00003d92                FLASH_0_init
 .text.FLASH_0_read_eeprom_byte
                0x00003d9c        0x8 src/nvmctrl_basic.o
                0x00003d9c                FLASH_0_read_eeprom_byte
 .text.FLASH_0_write_eeprom_byte
                0x00003da4       0x38 src/nvmctrl_basic.o
                0x00003da4                FLASH_0_write_eeprom_byte
 .text.FLASH_0_spm_write_word
                0x00003ddc        0xe src/nvmctrl_basic.o
                0x00003ddc                FLASH_0_spm_write_word
 .text.FLASH_0_read_flash_byte
                0x00003dea        0x6 src/nvmctrl_basic.o
                0x00003dea                FLASH_0_read_flash_byte
 .text.FLASH_0_erase_flash_page
                0x00003df0       0x50 src/nvmctrl_basic.o
                0x00003df0                FLASH_0_erase_flash_page
 .text.FLASH_0_write_flash_page
                0x00003e40       0xde src/nvmctrl_basic.o
                0x00003e40                FLASH_0_write_flash_page
 .text.protected_write_io
                0x00003f1e        0xa src/protected_io.o
                0x00003f1e                protected_write_io
 .text.SLPCTRL_init
                0x00003f28        0x4 src/slpctrl.o
                0x00003f28                SLPCTRL_init
 .text.TIMER_0_init
                0x00003f2c       0x18 src/tca.o
                0x00003f2c                TIMER_0_init
 .text.USART_0_init
                0x00003f44       0x10 src/usart.o
                0x00003f44                USART_0_init
 .text.USART4_Read
                0x00003f54        0xa src/usart.o
                0x00003f54                USART4_Read
 .text.USART4_Send
                0x00003f5e        0xa src/usart.o
                0x00003f5e                USART4_Send
 .text.libgcc.div
                0x00003f68       0x44 d:/program files (x86)/atmel/studio/7.0/toolchain/avr8/avr8-gnu-toolchain/bin/../lib/gcc/avr/5.4.0/avrxmega2\libgcc.a(_udivmodsi4.o)
                0x00003f68                __udivmodsi4
 .text.libgcc   0x00003fac        0xc d:/program files (x86)/atmel/studio/7.0/toolchain/avr8/avr8-gnu-toolchain/bin/../lib/gcc/avr/5.4.0/avrxmega2\libgcc.a(_tablejump2.o)
                0x00003fac                __tablejump2__
 .text.libgcc.mul
                0x00003fb8       0x1e d:/program files (x86)/atmel/studio/7.0/toolchain/avr8/avr8-gnu-toolchain/bin/../lib/gcc/avr/5.4.0/avrxmega2\libgcc.a(_umulhisi3.o)
                0x00003fb8                __umulhisi3
 .text.libgcc.mul
                0x00003fd6       0x16 d:/program files (x86)/atmel/studio/7.0/toolchain/avr8/avr8-gnu-toolchain/bin/../lib/gcc/avr/5.4.0/avrxmega2\libgcc.a(_muluhisi3.o)
                0x00003fd6                __muluhisi3
                0x00003fec                . = ALIGN (0x2)
 *(.fini9)
 .fini9         0x00003fec        0x0 d:/program files (x86)/atmel/studio/7.0/toolchain/avr8/avr8-gnu-toolchain/bin/../lib/gcc/avr/5.4.0/avrxmega2\libgcc.a(_exit.o)
                0x00003fec                _exit
                0x00003fec                exit
 *(.fini9)
 *(.fini8)
 *(.fini8)
 *(.fini7)
 *(.fini7)
 *(.fini6)
 *(.fini6)
 *(.fini5)
 *(.fini5)
 *(.fini4)
 *(.fini4)
 *(.fini3)
 *(.fini3)
 *(.fini2)
 *(.fini2)
 *(.fini1)
 *(.fini1)
 *(.fini0)
 .fini0         0x00003fec        0x4 d:/program files (x86)/atmel/studio/7.0/toolchain/avr8/avr8-gnu-toolchain/bin/../lib/gcc/avr/5.4.0/avrxmega2\libgcc.a(_exit.o)
 *(.fini0)
                0x00003ff0                _etext = .

.data           0x00806000      0x2a2 load address 0x00003ff0
                0x00806000                PROVIDE (__data_start, .)
 *(.data)
 *(.data*)
 .data.security_seed
                0x00806000        0x4 main.o
                0x00806000                security_seed
 .data.session_mode
                0x00806004        0x1 main.o
                0x00806004                session_mode
 .data.page_addr
                0x00806005        0x4 main.o
                0x00806005                page_addr
 .data.lin1_Callback
                0x00806009        0xa middleware/lin/lin1.o
                0x00806009                lin1_Callback
 .data.lin1_InitConfig0
                0x00806013        0xb middleware/lin/lin1.o
                0x00806013                lin1_InitConfig0
 .data.LI0_lin_frm_err_resp_sig
                0x0080601e        0x1 middleware/lin/lin_cfg.o
 .data.LI0_lin_configured_NAD
                0x0080601f        0x1 middleware/lin/lin_cfg.o
 .data.LI0_lin_configuration_RAM
                0x00806020        0x8 middleware/lin/lin_cfg.o
 .data.g_lin_frame_data_buffer
                0x00806028        0x1 middleware/lin/lin_cfg.o
                0x00806028                g_lin_frame_data_buffer
 *(.gnu.linkonce.d*)
 *(.rodata)
 .rodata        0x00806029        0x5 middleware/lin/diagnostic/lin_diagnostic_service.o
 *(.rodata*)
 .rodata.crctab
                0x0080602e      0x200 main.o
                0x0080602e                crctab
 .rodata.g_lin_protocol_user_cfg_array
                0x0080622e       0x1c middleware/lin/lin_cfg.o
                0x0080622e                g_lin_protocol_user_cfg_array
 .rodata.g_lin_node_attribute_array
                0x0080624a       0x24 middleware/lin/lin_cfg.o
                0x0080624a                g_lin_node_attribute_array
 .rodata.LI0_lin_configuration_ROM
                0x0080626e       0x10 middleware/lin/lin_cfg.o
 .rodata.lin_frame_tbl
                0x0080627e       0x14 middleware/lin/lin_cfg.o
 .rodata.g_lin_virtual_ifc
                0x00806292        0x4 middleware/lin/lin_cfg.o
                0x00806292                g_lin_virtual_ifc
 .rodata.g_lin_hardware_ifc
                0x00806296        0x2 middleware/lin/lin_cfg.o
                0x00806296                g_lin_hardware_ifc
 .rodata.LI0_lin_diag_services_supported
                0x00806298        0xa middleware/lin/lin_cfg.o
 *(.gnu.linkonce.r*)
                0x008062a2                . = ALIGN (0x2)
                0x008062a2                _edata = .
                0x008062a2                PROVIDE (__data_end, .)

.bss            0x008062a2      0x384
                0x008062a2                PROVIDE (__bss_start, .)
 *(.bss)
 *(.bss*)
 .bss.download_request_flag
                0x008062a2        0x1 main.o
                0x008062a2                download_request_flag
 .bss.check_program_flag
                0x008062a3        0x1 main.o
                0x008062a3                check_program_flag
 .bss.check_program_size
                0x008062a4        0x4 main.o
                0x008062a4                check_program_size
 .bss.update_mem_size
                0x008062a8        0x4 main.o
                0x008062a8                update_mem_size
 .bss.security_checked
                0x008062ac        0x1 main.o
                0x008062ac                security_checked
 .bss.bin_size_cnt
                0x008062ad        0x2 main.o
                0x008062ad                bin_size_cnt
 .bss.update_cnt
                0x008062af        0x2 main.o
                0x008062af                update_cnt
 .bss.program_buffer
                0x008062b1      0x200 main.o
                0x008062b1                program_buffer
 .bss.reset_flag
                0x008064b1        0x2 main.o
                0x008064b1                reset_flag
 .bss.flash_flag
                0x008064b3        0x2 main.o
                0x008064b3                flash_flag
 .bss.erase_flag
                0x008064b5        0x2 main.o
                0x008064b5                erase_flag
 .bss.LI0_lin_response_error_bit_offset
                0x008064b7        0x1 middleware/lin/lin_cfg.o
 .bss.LI0_lin_response_error_byte_offset
                0x008064b8        0x2 middleware/lin/lin_cfg.o
 .bss.g_lin_frame_updating_flag_tbl
                0x008064ba        0x2 middleware/lin/lin_cfg.o
                0x008064ba                g_lin_frame_updating_flag_tbl
 .bss.g_lin_frame_flag_handle_tbl
                0x008064bc        0x2 middleware/lin/lin_cfg.o
                0x008064bc                g_lin_frame_flag_handle_tbl
 .bss.g_lin_flag_handle_tbl
                0x008064be        0x1 middleware/lin/lin_cfg.o
                0x008064be                g_lin_flag_handle_tbl
 .bss.g_buffer_backup_data
                0x008064bf        0x8 middleware/lin/lin_cfg.o
                0x008064bf                g_buffer_backup_data
 .bss.LI0_tl_rx_queue_data
                0x008064c7       0x60 middleware/lin/lin_cfg.o
 .bss.LI0_tl_tx_queue_data
                0x00806527       0x60 middleware/lin/lin_cfg.o
 .bss.LI0_lin_diag_services_flag
                0x00806587        0xa middleware/lin/lin_cfg.o
 .bss.g_linFuncCallbackPtr
                0x00806591        0x2 middleware/lin/lin_driver.o
                0x00806591                g_linFuncCallbackPtr
 .bss.g_linUserconfigPtr
                0x00806593        0x2 middleware/lin/lin_driver.o
                0x00806593                g_linUserconfigPtr
 .bss.g_linStatePtr
                0x00806595        0x2 middleware/lin/lin_driver.o
                0x00806595                g_linStatePtr
 .bss.lin_lld_response_buffer.5316
                0x00806597        0xa middleware/lin/lowlevel/lin.o
 .bss.s_baudrate_adjusted_flg
                0x008065a1        0x1 middleware/lin/lowlevel/lin.o
 .bss.s_lin_max_frame_res_timeout_val
                0x008065a2       0x10 middleware/lin/lowlevel/lin.o
 .bss.s_lin_max_header_timeout
                0x008065b2        0x2 middleware/lin/lowlevel/lin.o
 .bss.s_lin_state_array
                0x008065b4       0x1e middleware/lin/lowlevel/lin.o
 .bss.product_id_data.5350
                0x008065d2        0x5 middleware/lin/transport/lin_commontl_api.o
 *(COMMON)
 COMMON         0x008065d7        0x5 main.o
                0x008065d7                rb
                0x008065d9                crc16_code
                0x008065db                history_blcok_count
 COMMON         0x008065dc       0x4a middleware/lin/lowlevel/lin.o
                0x008065dc                g_lin_tl_descriptor_array
                0x00806610                g_lin_protocol_state_array
                0x00806626                PROVIDE (__bss_end, .)
                0x00003ff0                __data_load_start = LOADADDR (.data)
                0x00004292                __data_load_end = (__data_load_start + SIZEOF (.data))

.noinit         0x00806626        0x0
                [!provide]                PROVIDE (__noinit_start, .)
 *(.noinit*)
                [!provide]                PROVIDE (__noinit_end, .)
                0x00806626                _end = .
                [!provide]                PROVIDE (__heap_start, .)

.eeprom         0x00810000        0x0
 *(.eeprom*)
                0x00810000                __eeprom_end = .

.fuse
 *(.fuse)
 *(.lfuse)
 *(.hfuse)
 *(.efuse)

.lock
 *(.lock*)

.signature
 *(.signature*)

.user_signatures
 *(.user_signatures*)

.stab
 *(.stab)

.stabstr
 *(.stabstr)

.stab.excl
 *(.stab.excl)

.stab.exclstr
 *(.stab.exclstr)

.stab.index
 *(.stab.index)

.stab.indexstr
 *(.stab.indexstr)

.comment        0x00000000       0x30
 *(.comment)
 .comment       0x00000000       0x30 atmel_start.o
                                 0x31 (size before relaxing)
 .comment       0x00000030       0x31 driver_isr.o
 .comment       0x00000030       0x31 main.o
 .comment       0x00000030       0x31 middleware/lin/coreapi/lin_common_api.o
 .comment       0x00000030       0x31 middleware/lin/coreapi/lin_common_proto.o
 .comment       0x00000030       0x31 middleware/lin/coreapi/lin_j2602_proto.o
 .comment       0x00000030       0x31 middleware/lin/coreapi/lin_lin21_proto.o
 .comment       0x00000030       0x31 middleware/lin/diagnostic/lin_diagnostic_service.o
 .comment       0x00000030       0x31 middleware/lin/lin1.o
 .comment       0x00000030       0x31 middleware/lin/lin_cfg.o
 .comment       0x00000030       0x31 middleware/lin/lin_common.o
 .comment       0x00000030       0x31 middleware/lin/lin_driver.o
 .comment       0x00000030       0x31 middleware/lin/lowlevel/lin.o
 .comment       0x00000030       0x31 middleware/lin/transport/lin_commontl_api.o
 .comment       0x00000030       0x31 middleware/lin/transport/lin_commontl_proto.o
 .comment       0x00000030       0x31 src/bod.o
 .comment       0x00000030       0x31 src/clkctrl.o
 .comment       0x00000030       0x31 src/driver_init.o
 .comment       0x00000030       0x31 src/nvmctrl_basic.o
 .comment       0x00000030       0x31 src/slpctrl.o
 .comment       0x00000030       0x31 src/tca.o
 .comment       0x00000030       0x31 src/usart.o

.note.gnu.avr.deviceinfo
                0x00000000       0x3c
 .note.gnu.avr.deviceinfo
                0x00000000       0x3c D:/Program Files (x86)/Atmel/Studio/7.0/Packs/Atmel/AVR-Dx_DFP/1.8.95/gcc/dev/avr64da64/avrxmega2/crtavr64da64.o

.note.gnu.build-id
 *(.note.gnu.build-id)

.debug
 *(.debug)

.line
 *(.line)

.debug_srcinfo
 *(.debug_srcinfo)

.debug_sfnames
 *(.debug_sfnames)

.debug_aranges  0x00000000      0x618
 *(.debug_aranges)
 .debug_aranges
                0x00000000       0x20 atmel_start.o
 .debug_aranges
                0x00000020       0x28 driver_isr.o
 .debug_aranges
                0x00000048       0x20 main.o
 .debug_aranges
                0x00000068       0x48 middleware/lin/coreapi/lin_common_api.o
 .debug_aranges
                0x000000b0       0x60 middleware/lin/coreapi/lin_common_proto.o
 .debug_aranges
                0x00000110       0x20 middleware/lin/coreapi/lin_j2602_proto.o
 .debug_aranges
                0x00000130       0x38 middleware/lin/coreapi/lin_lin21_proto.o
 .debug_aranges
                0x00000168       0x80 middleware/lin/diagnostic/lin_diagnostic_service.o
 .debug_aranges
                0x000001e8       0x18 middleware/lin/lin1.o
 .debug_aranges
                0x00000200       0x20 middleware/lin/lin_cfg.o
 .debug_aranges
                0x00000220       0x28 middleware/lin/lin_common.o
 .debug_aranges
                0x00000248       0xc0 middleware/lin/lin_driver.o
 .debug_aranges
                0x00000308       0x88 middleware/lin/lowlevel/lin.o
 .debug_aranges
                0x00000390       0x60 middleware/lin/transport/lin_commontl_api.o
 .debug_aranges
                0x000003f0       0x90 middleware/lin/transport/lin_commontl_proto.o
 .debug_aranges
                0x00000480       0x20 src/bod.o
 .debug_aranges
                0x000004a0       0x20 src/clkctrl.o
 .debug_aranges
                0x000004c0       0x40 src/driver_init.o
 .debug_aranges
                0x00000500       0x80 src/nvmctrl_basic.o
 .debug_aranges
                0x00000580       0x20 src/protected_io.o
 .debug_aranges
                0x000005a0       0x28 src/slpctrl.o
 .debug_aranges
                0x000005c8       0x20 src/tca.o
 .debug_aranges
                0x000005e8       0x30 src/usart.o

.debug_pubnames
 *(.debug_pubnames)

.debug_info     0x00000000    0x10cfc
 *(.debug_info .gnu.linkonce.wi.*)
 .debug_info    0x00000000     0x3072 D:/Program Files (x86)/Atmel/Studio/7.0/Packs/Atmel/AVR-Dx_DFP/1.8.95/gcc/dev/avr64da64/avrxmega2/crtavr64da64.o
 .debug_info    0x00003072       0x9a atmel_start.o
 .debug_info    0x0000310c      0x8f6 driver_isr.o
 .debug_info    0x00003a02      0x6a6 main.o
 .debug_info    0x000040a8      0x488 middleware/lin/coreapi/lin_common_api.o
 .debug_info    0x00004530     0x13be middleware/lin/coreapi/lin_common_proto.o
 .debug_info    0x000058ee      0x345 middleware/lin/coreapi/lin_j2602_proto.o
 .debug_info    0x00005c33      0xd20 middleware/lin/coreapi/lin_lin21_proto.o
 .debug_info    0x00006953     0x1575 middleware/lin/diagnostic/lin_diagnostic_service.o
 .debug_info    0x00007ec8      0x474 middleware/lin/lin1.o
 .debug_info    0x0000833c      0xafd middleware/lin/lin_cfg.o
 .debug_info    0x00008e39      0x250 middleware/lin/lin_common.o
 .debug_info    0x00009089     0x1293 middleware/lin/lin_driver.o
 .debug_info    0x0000a31c     0x1c88 middleware/lin/lowlevel/lin.o
 .debug_info    0x0000bfa4      0xfe7 middleware/lin/transport/lin_commontl_api.o
 .debug_info    0x0000cf8b     0x1623 middleware/lin/transport/lin_commontl_proto.o
 .debug_info    0x0000e5ae      0x188 src/bod.o
 .debug_info    0x0000e736      0x2ce src/clkctrl.o
 .debug_info    0x0000ea04      0x914 src/driver_init.o
 .debug_info    0x0000f318      0xe3f src/nvmctrl_basic.o
 .debug_info    0x00010157       0x85 src/protected_io.o
 .debug_info    0x000101dc      0x136 src/slpctrl.o
 .debug_info    0x00010312      0x73a src/tca.o
 .debug_info    0x00010a4c      0x2b0 src/usart.o

.debug_abbrev   0x00000000     0x5322
 *(.debug_abbrev)
 .debug_abbrev  0x00000000     0x2de2 D:/Program Files (x86)/Atmel/Studio/7.0/Packs/Atmel/AVR-Dx_DFP/1.8.95/gcc/dev/avr64da64/avrxmega2/crtavr64da64.o
 .debug_abbrev  0x00002de2       0x63 atmel_start.o
 .debug_abbrev  0x00002e45      0x12f driver_isr.o
 .debug_abbrev  0x00002f74      0x1d4 main.o
 .debug_abbrev  0x00003148      0x193 middleware/lin/coreapi/lin_common_api.o
 .debug_abbrev  0x000032db      0x2b9 middleware/lin/coreapi/lin_common_proto.o
 .debug_abbrev  0x00003594      0x134 middleware/lin/coreapi/lin_j2602_proto.o
 .debug_abbrev  0x000036c8      0x1fd middleware/lin/coreapi/lin_lin21_proto.o
 .debug_abbrev  0x000038c5      0x249 middleware/lin/diagnostic/lin_diagnostic_service.o
 .debug_abbrev  0x00003b0e       0xba middleware/lin/lin1.o
 .debug_abbrev  0x00003bc8      0x163 middleware/lin/lin_cfg.o
 .debug_abbrev  0x00003d2b      0x113 middleware/lin/lin_common.o
 .debug_abbrev  0x00003e3e      0x2f2 middleware/lin/lin_driver.o
 .debug_abbrev  0x00004130      0x346 middleware/lin/lowlevel/lin.o
 .debug_abbrev  0x00004476      0x26e middleware/lin/transport/lin_commontl_api.o
 .debug_abbrev  0x000046e4      0x29e middleware/lin/transport/lin_commontl_proto.o
 .debug_abbrev  0x00004982       0xaf src/bod.o
 .debug_abbrev  0x00004a31      0x117 src/clkctrl.o
 .debug_abbrev  0x00004b48      0x1fa src/driver_init.o
 .debug_abbrev  0x00004d42      0x2c7 src/nvmctrl_basic.o
 .debug_abbrev  0x00005009       0x14 src/protected_io.o
 .debug_abbrev  0x0000501d       0xc4 src/slpctrl.o
 .debug_abbrev  0x000050e1      0x102 src/tca.o
 .debug_abbrev  0x000051e3      0x13f src/usart.o

.debug_line     0x00000000     0x4f5d
 *(.debug_line .debug_line.* .debug_line_end)
 .debug_line    0x00000000      0x217 D:/Program Files (x86)/Atmel/Studio/7.0/Packs/Atmel/AVR-Dx_DFP/1.8.95/gcc/dev/avr64da64/avrxmega2/crtavr64da64.o
 .debug_line    0x00000217       0x60 atmel_start.o
 .debug_line    0x00000277      0x191 driver_isr.o
 .debug_line    0x00000408      0x34b main.o
 .debug_line    0x00000753      0x1c4 middleware/lin/coreapi/lin_common_api.o
 .debug_line    0x00000917      0x71a middleware/lin/coreapi/lin_common_proto.o
 .debug_line    0x00001031       0xec middleware/lin/coreapi/lin_j2602_proto.o
 .debug_line    0x0000111d      0x2ae middleware/lin/coreapi/lin_lin21_proto.o
 .debug_line    0x000013cb      0xb78 middleware/lin/diagnostic/lin_diagnostic_service.o
 .debug_line    0x00001f43      0x118 middleware/lin/lin1.o
 .debug_line    0x0000205b      0x141 middleware/lin/lin_cfg.o
 .debug_line    0x0000219c      0x15b middleware/lin/lin_common.o
 .debug_line    0x000022f7      0x88b middleware/lin/lin_driver.o
 .debug_line    0x00002b82      0x59d middleware/lin/lowlevel/lin.o
 .debug_line    0x0000311f      0x521 middleware/lin/transport/lin_commontl_api.o
 .debug_line    0x00003640      0x9d5 middleware/lin/transport/lin_commontl_proto.o
 .debug_line    0x00004015      0x10b src/bod.o
 .debug_line    0x00004120      0x139 src/clkctrl.o
 .debug_line    0x00004259      0x327 src/driver_init.o
 .debug_line    0x00004580      0x60b src/nvmctrl_basic.o
 .debug_line    0x00004b8b       0x5b src/protected_io.o
 .debug_line    0x00004be6      0x11f src/slpctrl.o
 .debug_line    0x00004d05      0x117 src/tca.o
 .debug_line    0x00004e1c      0x141 src/usart.o

.debug_frame    0x00000000     0x1140
 *(.debug_frame)
 .debug_frame   0x00000000       0x24 atmel_start.o
 .debug_frame   0x00000024       0xc4 driver_isr.o
 .debug_frame   0x000000e8       0x24 main.o
 .debug_frame   0x0000010c       0x74 middleware/lin/coreapi/lin_common_api.o
 .debug_frame   0x00000180      0x15c middleware/lin/coreapi/lin_common_proto.o
 .debug_frame   0x000002dc       0x24 middleware/lin/coreapi/lin_j2602_proto.o
 .debug_frame   0x00000300       0xa0 middleware/lin/coreapi/lin_lin21_proto.o
 .debug_frame   0x000003a0      0x284 middleware/lin/diagnostic/lin_diagnostic_service.o
 .debug_frame   0x00000624       0x24 middleware/lin/lin_cfg.o
 .debug_frame   0x00000648       0x40 middleware/lin/lin_common.o
 .debug_frame   0x00000688      0x250 middleware/lin/lin_driver.o
 .debug_frame   0x000008d8      0x230 middleware/lin/lowlevel/lin.o
 .debug_frame   0x00000b08       0xe8 middleware/lin/transport/lin_commontl_api.o
 .debug_frame   0x00000bf0      0x1d8 middleware/lin/transport/lin_commontl_proto.o
 .debug_frame   0x00000dc8       0x24 src/bod.o
 .debug_frame   0x00000dec       0x24 src/clkctrl.o
 .debug_frame   0x00000e10       0x64 src/driver_init.o
 .debug_frame   0x00000e74      0x230 src/nvmctrl_basic.o
 .debug_frame   0x000010a4       0x34 src/slpctrl.o
 .debug_frame   0x000010d8       0x24 src/tca.o
 .debug_frame   0x000010fc       0x44 src/usart.o

.debug_str      0x00000000     0x53f8
 *(.debug_str)
 .debug_str     0x00000000     0x14e3 D:/Program Files (x86)/Atmel/Studio/7.0/Packs/Atmel/AVR-Dx_DFP/1.8.95/gcc/dev/avr64da64/avrxmega2/crtavr64da64.o
 .debug_str     0x000014e3      0x165 atmel_start.o
                                0x199 (size before relaxing)
 .debug_str     0x00001648      0x2a0 driver_isr.o
                                0x431 (size before relaxing)
 .debug_str     0x000018e8      0x2be main.o
                                0x48b (size before relaxing)
 .debug_str     0x00001ba6      0x2c7 middleware/lin/coreapi/lin_common_api.o
                                0x488 (size before relaxing)
 .debug_str     0x00001e6d      0xd6e middleware/lin/coreapi/lin_common_proto.o
                               0x1142 (size before relaxing)
 .debug_str     0x00002bdb       0x53 middleware/lin/coreapi/lin_j2602_proto.o
                                0x414 (size before relaxing)
 .debug_str     0x00002c2e       0x6e middleware/lin/coreapi/lin_lin21_proto.o
                                0xf1c (size before relaxing)
 .debug_str     0x00002c9c      0x731 middleware/lin/diagnostic/lin_diagnostic_service.o
                               0x1331 (size before relaxing)
 .debug_str     0x000033cd      0x42d middleware/lin/lin1.o
                                0x64c (size before relaxing)
 .debug_str     0x000037fa      0x164 middleware/lin/lin_cfg.o
                                0xced (size before relaxing)
 .debug_str     0x0000395e       0x6d middleware/lin/lin_common.o
                                0x209 (size before relaxing)
 .debug_str     0x000039cb      0xb3b middleware/lin/lin_driver.o
                               0x11ec (size before relaxing)
 .debug_str     0x00004506      0x153 middleware/lin/lowlevel/lin.o
                               0x1fd9 (size before relaxing)
 .debug_str     0x00004659       0xfa middleware/lin/transport/lin_commontl_api.o
                               0x1107 (size before relaxing)
 .debug_str     0x00004753      0x1d5 middleware/lin/transport/lin_commontl_proto.o
                               0x1539 (size before relaxing)
 .debug_str     0x00004928       0x7e src/bod.o
                                0x23c (size before relaxing)
 .debug_str     0x000049a6      0x169 src/clkctrl.o
                                0x37c (size before relaxing)
 .debug_str     0x00004b0f      0x247 src/driver_init.o
                                0x4f8 (size before relaxing)
 .debug_str     0x00004d56      0x40e src/nvmctrl_basic.o
                                0x6ff (size before relaxing)
 .debug_str     0x00005164       0xb9 src/slpctrl.o
                                0x250 (size before relaxing)
 .debug_str     0x0000521d       0xfb src/tca.o
                                0x482 (size before relaxing)
 .debug_str     0x00005318       0xe0 src/usart.o
                                0x318 (size before relaxing)

.debug_loc      0x00000000     0x6651
 *(.debug_loc)
 .debug_loc     0x00000000      0x1bc driver_isr.o
 .debug_loc     0x000001bc      0x14a main.o
 .debug_loc     0x00000306       0xc6 middleware/lin/coreapi/lin_common_api.o
 .debug_loc     0x000003cc      0xa35 middleware/lin/coreapi/lin_common_proto.o
 .debug_loc     0x00000e01       0x50 middleware/lin/coreapi/lin_j2602_proto.o
 .debug_loc     0x00000e51      0x33b middleware/lin/coreapi/lin_lin21_proto.o
 .debug_loc     0x0000118c     0x126e middleware/lin/diagnostic/lin_diagnostic_service.o
 .debug_loc     0x000023fa       0xbf middleware/lin/lin_cfg.o
 .debug_loc     0x000024b9      0x2a7 middleware/lin/lin_common.o
 .debug_loc     0x00002760      0xed6 middleware/lin/lin_driver.o
 .debug_loc     0x00003636      0xe1b middleware/lin/lowlevel/lin.o
 .debug_loc     0x00004451      0x507 middleware/lin/transport/lin_commontl_api.o
 .debug_loc     0x00004958      0xc8a middleware/lin/transport/lin_commontl_proto.o
 .debug_loc     0x000055e2       0x2a src/clkctrl.o
 .debug_loc     0x0000560c      0x148 src/driver_init.o
 .debug_loc     0x00005754      0xeb4 src/nvmctrl_basic.o
 .debug_loc     0x00006608       0x21 src/slpctrl.o
 .debug_loc     0x00006629       0x28 src/usart.o

.debug_macinfo
 *(.debug_macinfo)

.debug_weaknames
 *(.debug_weaknames)

.debug_funcnames
 *(.debug_funcnames)

.debug_typenames
 *(.debug_typenames)

.debug_varnames
 *(.debug_varnames)

.debug_pubtypes
 *(.debug_pubtypes)

.debug_ranges   0x00000000      0x490
 *(.debug_ranges)
 .debug_ranges  0x00000000       0x10 atmel_start.o
 .debug_ranges  0x00000010       0x18 driver_isr.o
 .debug_ranges  0x00000028       0x10 main.o
 .debug_ranges  0x00000038       0x38 middleware/lin/coreapi/lin_common_api.o
 .debug_ranges  0x00000070       0x50 middleware/lin/coreapi/lin_common_proto.o
 .debug_ranges  0x000000c0       0x10 middleware/lin/coreapi/lin_j2602_proto.o
 .debug_ranges  0x000000d0       0x28 middleware/lin/coreapi/lin_lin21_proto.o
 .debug_ranges  0x000000f8       0x70 middleware/lin/diagnostic/lin_diagnostic_service.o
 .debug_ranges  0x00000168       0x10 middleware/lin/lin_cfg.o
 .debug_ranges  0x00000178       0x18 middleware/lin/lin_common.o
 .debug_ranges  0x00000190       0xb0 middleware/lin/lin_driver.o
 .debug_ranges  0x00000240       0x78 middleware/lin/lowlevel/lin.o
 .debug_ranges  0x000002b8       0x50 middleware/lin/transport/lin_commontl_api.o
 .debug_ranges  0x00000308       0x80 middleware/lin/transport/lin_commontl_proto.o
 .debug_ranges  0x00000388       0x10 src/bod.o
 .debug_ranges  0x00000398       0x10 src/clkctrl.o
 .debug_ranges  0x000003a8       0x30 src/driver_init.o
 .debug_ranges  0x000003d8       0x70 src/nvmctrl_basic.o
 .debug_ranges  0x00000448       0x18 src/slpctrl.o
 .debug_ranges  0x00000460       0x10 src/tca.o
 .debug_ranges  0x00000470       0x20 src/usart.o

.debug_macro
 *(.debug_macro)
OUTPUT(lin_boot.elf elf32-avr)
LOAD linker stubs
